# $1: num_calls
# $2: elapsed time from last call
# $3: elapsed time from start

1      0.040644 0.040644
2      0.030064 0.070708
3      0.030153 0.100861
4      0.030631 0.131491
5      0.034726 0.166218
6      0.028444 0.194662
7      0.030133 0.224795
8      0.031307 0.256102
9      0.029778 0.285880
10     0.028829 0.314709
11     0.033628 0.348336
12     0.029478 0.377814
13     0.029913 0.407727
14     0.027751 0.435478
15     0.033231 0.468709
16     0.027533 0.496242
17     0.029538 0.525780
18     0.029332 0.555112
19     0.029359 0.584471
20     0.027844 0.612315
21     0.029893 0.642207
22     0.024032 0.666240
23     0.029555 0.695795
24     0.029701 0.725496
25     0.029228 0.754724
26     0.028082 0.782806
27     0.030036 0.812843
28     0.028244 0.841087
29     0.030149 0.871235
30     0.025796 0.897032
31     0.025355 0.922386
32     0.023647 0.946033
33     0.025730 0.971763
34     0.023514 0.995277
35     0.025403 1.020680
36     0.023396 1.044076
37     0.025889 1.069965
38     0.025477 1.095442
39     0.026129 1.121571
40     0.024811 1.146382
41     0.027403 1.173785
42     0.026282 1.200067
43     0.025125 1.225192
44     0.024362 1.249555
45     0.024758 1.274313
46     0.022878 1.297191
47     0.025114 1.322305
48     0.023074 1.345379
49     0.025114 1.370494
50     0.023935 1.394428
51     0.024404 1.418833
52     0.024043 1.442876
53     0.025354 1.468230
54     0.025712 1.493942
55     0.026557 1.520500
56     0.024540 1.545040
57     0.037399 1.582438
58     0.029817 1.612255
59     0.032439 1.644694
60     0.029180 1.673873
61     0.032005 1.705879
62     0.028919 1.734798
63     0.028909 1.763707
64     0.048929 1.812635
65     0.031731 1.844366
66     0.028338 1.872704
67     0.055190 1.927894
68     0.029099 1.956993
69     0.050990 2.007983
70     0.043928 2.051911
71     0.035948 2.087859
72     0.026577 2.114437
73     0.037074 2.151511
74     0.056333 2.207843
75     0.042020 2.249864
76     0.031295 2.281159
77     0.030249 2.311408
78     0.029631 2.341038
79     0.031046 2.372084
80     0.034292 2.406377
81     0.031979 2.438355
82     0.024299 2.462655
83     0.029844 2.492499
84     0.029183 2.521682
85     0.026919 2.548601
86     0.027065 2.575666
87     0.028899 2.604565
88     0.025717 2.630282
89     0.027566 2.657848
90     0.039809 2.697658
91     0.046410 2.744068
92     0.028856 2.772923
93     0.034056 2.806979
94     0.025414 2.832394
95     0.029283 2.861677
96     0.026894 2.888571
97     0.051679 2.940250
98     0.046702 2.986952
99     0.049201 3.036153
100    0.041389 3.077542
101    0.048823 3.126365
102    0.026794 3.153159
103    0.036414 3.189572
104    0.066946 3.256519
105    0.027167 3.283685
106    0.025721 3.309406
107    0.026892 3.336298
108    0.026170 3.362468
109    0.027272 3.389740
110    0.033460 3.423200
111    0.028358 3.451558
112    0.031855 3.483413
113    0.032156 3.515568
114    0.033557 3.549126
115    0.031929 3.581055
116    0.032993 3.614048
117    0.055345 3.669393
118    0.043024 3.712418
119    0.027344 3.739762
120    0.039859 3.779621
121    0.030984 3.810605
122    0.028499 3.839104
123    0.033078 3.872182
124    0.024979 3.897161
125    0.028212 3.925373
126    0.026614 3.951987
127    0.028802 3.980790
128    0.031814 4.012603
129    0.028176 4.040779
130    0.025561 4.066340
131    0.029074 4.095414
132    0.032031 4.127445
133    0.028634 4.156079
134    0.029820 4.185899
135    0.031571 4.217469
136    0.024409 4.241878
137    0.029428 4.271307
138    0.026725 4.298032
139    0.026596 4.324628
140    0.026117 4.350745
141    0.026653 4.377397
142    0.023788 4.401185
143    0.025969 4.427154
144    0.024524 4.451678
145    0.025768 4.477446
146    0.025384 4.502830
147    0.026112 4.528942
148    0.024336 4.553278
149    0.026111 4.579390
150    0.024504 4.603894
151    0.025719 4.629613
152    0.025853 4.655466
153    0.025782 4.681248
154    0.023815 4.705063
155    0.026337 4.731401
156    0.025034 4.756435
157    0.025998 4.782433
158    0.025615 4.808048
159    0.025916 4.833964
160    0.023254 4.857218
161    0.026186 4.883405
162    0.024555 4.907960
163    0.025997 4.933957
164    0.025890 4.959847
165    0.025578 4.985425
166    0.023729 5.009153
167    0.025675 5.034828
168    0.024108 5.058936
169    0.025568 5.084504
170    0.025182 5.109685
171    0.025330 5.135016
172    0.023307 5.158322
173    0.025488 5.183811
174    0.025345 5.209156
175    0.025383 5.234539
176    0.026804 5.261342
177    0.025327 5.286670
178    0.023431 5.310101
179    0.025243 5.335344
180    0.024216 5.359560
181    0.025411 5.384971
182    0.025791 5.410761
183    0.027306 5.438068
184    0.024517 5.462585
185    0.027170 5.489755
186    0.025302 5.515057
187    0.027250 5.542307
188    0.027248 5.569555
189    0.027552 5.597108
190    0.024477 5.621585
191    0.027197 5.648782
192    0.025772 5.674554
193    0.027711 5.702265
194    0.027740 5.730006
195    0.027606 5.757612
196    0.025072 5.782683
197    0.027507 5.810190
198    0.026434 5.836624
199    0.027535 5.864159
200    0.027541 5.891700
201    0.027785 5.919485
202    0.024758 5.944244
203    0.027301 5.971545
204    0.028296 5.999842
205    0.028237 6.028079
206    0.027186 6.055265
207    0.027729 6.082994
208    0.026093 6.109087
209    0.026633 6.135721
210    0.026118 6.161839
211    0.026158 6.187997
212    0.026292 6.214289
213    0.026881 6.241169
214    0.025223 6.266392
215    0.027290 6.293682
216    0.026246 6.319928
217    0.027109 6.347037
218    0.026448 6.373485
219    0.026970 6.400454
220    0.024814 6.425268
221    0.027304 6.452572
222    0.025220 6.477792
223    0.026540 6.504332
224    0.026576 6.530908
225    0.026725 6.557633
226    0.024295 6.581928
227    0.026863 6.608790
228    0.026105 6.634896
229    0.027266 6.662162
230    0.027160 6.689322
231    0.028554 6.717876
232    0.026482 6.744358
233    0.029220 6.773578
234    0.028080 6.801658
235    0.029303 6.830961
236    0.030028 6.860989
237    0.029996 6.890985
238    0.027780 6.918765
239    0.030382 6.949147
240    0.028319 6.977466
241    0.030416 7.007882
242    0.029796 7.037678
243    0.031525 7.069203
244    0.028086 7.097288
245    0.030971 7.128259
246    0.029304 7.157563
247    0.029425 7.186989
248    0.028998 7.215987
249    0.029441 7.245428
250    0.026846 7.272274
251    0.028845 7.301120
252    0.027691 7.328811
253    0.028716 7.357526
254    0.028204 7.385730
255    0.028773 7.414503
256    0.025784 7.440288
257    0.028810 7.469097
258    0.027293 7.496390
259    0.028073 7.524463
260    0.028353 7.552815
261    0.028739 7.581555
262    0.025208 7.606763
263    0.027570 7.634332
264    0.026414 7.660746
265    0.028397 7.689143
266    0.027767 7.716911
267    0.027649 7.744560
268    0.025246 7.769806
269    0.026985 7.796791
270    0.025875 7.822666
271    0.026757 7.849423
272    0.026758 7.876181
273    0.026975 7.903156
274    0.024254 7.927410
275    0.026269 7.953679
276    0.025329 7.979009
277    0.026880 8.005889
278    0.026102 8.031991
279    0.026624 8.058615
280    0.024565 8.083179
281    0.026927 8.110106
282    0.025365 8.135471
283    0.026536 8.162007
284    0.026621 8.188628
285    0.026958 8.215586
286    0.028383 8.243969
287    0.028739 8.272708
288    0.025662 8.298370
289    0.025953 8.324323
290    0.025740 8.350064
291    0.026727 8.376791
292    0.023991 8.400782
293    0.026687 8.427469
294    0.025740 8.453208
295    0.026823 8.480031
296    0.026623 8.506654
297    0.026905 8.533559
298    0.024321 8.557881
299    0.026608 8.584489
300    0.025407 8.609895
301    0.028221 8.638116
302    0.026865 8.664981
303    0.026579 8.691560
304    0.024452 8.716012
305    0.026501 8.742514
306    0.025336 8.767850
307    0.026478 8.794328
308    0.026472 8.820800
309    0.027067 8.847867
310    0.024301 8.872169
311    0.026697 8.898865
312    0.025724 8.924590
313    0.027264 8.951853
314    0.026722 8.978575
315    0.027172 9.005747
316    0.024359 9.030106
317    0.026979 9.057085
318    0.025588 9.082673
319    0.026989 9.109662
320    0.026553 9.136216
321    0.026689 9.162904
322    0.023746 9.186651
323    0.025714 9.212365
324    0.024733 9.237098
325    0.025575 9.262672
326    0.025745 9.288417
327    0.025421 9.313839
328    0.023148 9.336986
329    0.024778 9.361764
330    0.024048 9.385812
331    0.025106 9.410918
332    0.025220 9.436138
333    0.025399 9.461537
334    0.023290 9.484827
335    0.025449 9.510276
336    0.024320 9.534596
337    0.025608 9.560205
338    0.025796 9.586001
339    0.025480 9.611480
340    0.023654 9.635134
341    0.025987 9.661121
342    0.024018 9.685139
343    0.025348 9.710486
344    0.025258 9.735744
345    0.025476 9.761220
346    0.023748 9.784968
347    0.025288 9.810256
348    0.024341 9.834597
349    0.025276 9.859873
350    0.025250 9.885123
351    0.025686 9.910809
352    0.023050 9.933859
353    0.025523 9.959382
354    0.024299 9.983681
355    0.025402 10.009083
356    0.025647 10.034731
357    0.026233 10.060964
358    0.023184 10.084148
359    0.025578 10.109726
360    0.024700 10.134426
361    0.026164 10.160590
362    0.025500 10.186090
363    0.025834 10.211924
364    0.023694 10.235618
365    0.025813 10.261432
366    0.024539 10.285970
367    0.026491 10.312461
368    0.025582 10.338042
369    0.025412 10.363455
370    0.023327 10.386782
371    0.025361 10.412143
372    0.024949 10.437092
373    0.026091 10.463183
374    0.026034 10.489217
375    0.025920 10.515137
376    0.023650 10.538787
377    0.025979 10.564766
378    0.024904 10.589671
379    0.025819 10.615490
380    0.025707 10.641197
381    0.026322 10.667519
382    0.023645 10.691164
383    0.025650 10.716814
384    0.024450 10.741264
385    0.025404 10.766668
386    0.025398 10.792066
387    0.025500 10.817566
388    0.023451 10.841017
389    0.026218 10.867235
390    0.024029 10.891264
391    0.025215 10.916479
392    0.025446 10.941925
393    0.025556 10.967481
394    0.023772 10.991252
395    0.025414 11.016667
396    0.024680 11.041347
397    0.025927 11.067274
398    0.025919 11.093193
399    0.026314 11.119507
400    0.023874 11.143380
401    0.026811 11.170192
402    0.024926 11.195117
403    0.026099 11.221216
404    0.025863 11.247079
405    0.026054 11.273132
406    0.024419 11.297551
407    0.025708 11.323259
408    0.024357 11.347616
409    0.025088 11.372704
410    0.025312 11.398016
411    0.026338 11.424355
412    0.023710 11.448065
413    0.026119 11.474183
414    0.024950 11.499134
415    0.025781 11.524915
416    0.026096 11.551011
417    0.026219 11.577230
418    0.023550 11.600781
419    0.025890 11.626671
420    0.024847 11.651517
421    0.026599 11.678117
422    0.026352 11.704469
423    0.026148 11.730616
424    0.024305 11.754921
425    0.025959 11.780880
426    0.024530 11.805411
427    0.025703 11.831114
428    0.025898 11.857012
429    0.026018 11.883030
430    0.023982 11.907012
431    0.025741 11.932753
432    0.024735 11.957489
433    0.026021 11.983510
434    0.026498 12.010008
435    0.026480 12.036488
436    0.023718 12.060206
437    0.026138 12.086344
438    0.024804 12.111149
439    0.026084 12.137233
440    0.025770 12.163003
441    0.026272 12.189276
442    0.023327 12.212603
443    0.025768 12.238370
444    0.024874 12.263244
445    0.025823 12.289068
446    0.026534 12.315602
447    0.025921 12.341523
448    0.023738 12.365261
449    0.025584 12.390845
450    0.025068 12.415913
451    0.026023 12.441936
452    0.025933 12.467869
453    0.026274 12.494142
454    0.023788 12.517930
455    0.026213 12.544143
456    0.025685 12.569827
457    0.026031 12.595858
458    0.026099 12.621957
459    0.025864 12.647822
460    0.023818 12.671640
461    0.026397 12.698037
462    0.024282 12.722319
463    0.025692 12.748011
464    0.025601 12.773613
465    0.025653 12.799265
466    0.023817 12.823082
467    0.025664 12.848746
468    0.024565 12.873311
469    0.025674 12.898985
470    0.025562 12.924546
471    0.025787 12.950333
472    0.023546 12.973879
473    0.025789 12.999668
474    0.024903 13.024571
475    0.025983 13.050554
476    0.026396 13.076950
477    0.026322 13.103272
478    0.023806 13.127079
479    0.026123 13.153202
480    0.024907 13.178109
481    0.026687 13.204796
482    0.026029 13.230825
483    0.026090 13.256915
484    0.023574 13.280489
485    0.025950 13.306439
486    0.025507 13.331946
487    0.025883 13.357830
488    0.025294 13.383124
489    0.025367 13.408490
490    0.023810 13.432300
491    0.025601 13.457901
492    0.024621 13.482522
493    0.025823 13.508344
494    0.025845 13.534189
495    0.025989 13.560178
496    0.023831 13.584009
497    0.026011 13.610020
498    0.024900 13.634920
499    0.025831 13.660751
500    0.025654 13.686404
501    0.026395 13.712799
502    0.023617 13.736415
503    0.025923 13.762338
504    0.024802 13.787140
505    0.026022 13.813162
506    0.026095 13.839257
507    0.025940 13.865196
508    0.023547 13.888744
509    0.025719 13.914463
510    0.025687 13.940150
511    0.025923 13.966073
512    0.025820 13.991893
513    0.025941 14.017834
514    0.026005 14.043839
515    0.026234 14.070074
516    0.026087 14.096161
517    0.025877 14.122038
518    0.025958 14.147996
519    0.025935 14.173931
520    0.026161 14.200091
521    0.026731 14.226822
522    0.025937 14.252759
523    0.026051 14.278810
524    0.025921 14.304731
525    0.026009 14.330741
526    0.027144 14.357885
527    0.026575 14.384460
528    0.026352 14.410812
529    0.025982 14.436794
530    0.025881 14.462675
531    0.025753 14.488428
532    0.025821 14.514249
533    0.025732 14.539981
534    0.025639 14.565620
535    0.025788 14.591408
536    0.025884 14.617292
537    0.025955 14.643246
538    0.025924 14.669170
539    0.025854 14.695024
540    0.025683 14.720707
541    0.026382 14.747089
542    0.025643 14.772732
543    0.025967 14.798699
544    0.025672 14.824371
545    0.025728 14.850099
546    0.025793 14.875892
547    0.025612 14.901504
548    0.025732 14.927235
549    0.025695 14.952930
550    0.025775 14.978705
551    0.025779 15.004485
552    0.026108 15.030592
553    0.025784 15.056376
554    0.025770 15.082145
555    0.025710 15.107856
556    0.026059 15.133915
557    0.026083 15.159998
558    0.026029 15.186027
559    0.025841 15.211868
560    0.025797 15.237665
561    0.026469 15.264134
562    0.025917 15.290051
563    0.026159 15.316210
564    0.026355 15.342565
565    0.025822 15.368387
566    0.025848 15.394235
567    0.025320 15.419555
568    0.025562 15.445117
569    0.025751 15.470868
570    0.025726 15.496594
571    0.025723 15.522317
572    0.026016 15.548333
573    0.025998 15.574331
574    0.025894 15.600225
575    0.026114 15.626339
576    0.026254 15.652594
577    0.026810 15.679404
578    0.026751 15.706155
579    0.026457 15.732612
580    0.025887 15.758499
581    0.026483 15.784982
582    0.025667 15.810649
583    0.025762 15.836411
584    0.025869 15.862280
585    0.025933 15.888213
586    0.026378 15.914591
587    0.026724 15.941315
588    0.026173 15.967488
589    0.025905 15.993392
590    0.025896 16.019288
591    0.025839 16.045127
592    0.025840 16.070966
593    0.025904 16.096871
594    0.026114 16.122985
595    0.026179 16.149164
596    0.026196 16.175361
597    0.025997 16.201357
598    0.025779 16.227136
599    0.025971 16.253107
600    0.026080 16.279187
601    0.026418 16.305605
602    0.025781 16.331386
603    0.026041 16.357427
604    0.025764 16.383191
605    0.025141 16.408331
606    0.025149 16.433480
607    0.025234 16.458715
608    0.025203 16.483918
609    0.025217 16.509135
610    0.025334 16.534469
611    0.025483 16.559952
612    0.025413 16.585365
613    0.025840 16.611205
614    0.025423 16.636628
615    0.025712 16.662339
616    0.025814 16.688154
617    0.029827 16.717981
618    0.025781 16.743762
619    0.025909 16.769671
620    0.025561 16.795232
621    0.026574 16.821805
622    0.025828 16.847634
623    0.025772 16.873406
624    0.026011 16.899416
625    0.025885 16.925301
626    0.025864 16.951165
627    0.025798 16.976963
628    0.026073 17.003036
629    0.025615 17.028650
630    0.026004 17.054654
631    0.025782 17.080436
632    0.025715 17.106151
633    0.025648 17.131799
634    0.025555 17.157354
635    0.025506 17.182860
636    0.025585 17.208446
637    0.025814 17.234260
638    0.025579 17.259839
639    0.025621 17.285460
640    0.025597 17.311057
641    0.025947 17.337004
642    0.025337 17.362341
643    0.025596 17.387937
644    0.025668 17.413605
645    0.025503 17.439108
646    0.025003 17.464111
647    0.025433 17.489545
648    0.025395 17.514939
649    0.025441 17.540380
650    0.025430 17.565810
651    0.025958 17.591768
652    0.026110 17.617878
653    0.026361 17.644239
654    0.026202 17.670442
655    0.026382 17.696823
656    0.026325 17.723149
657    0.026362 17.749511
658    0.025743 17.775253
659    0.025577 17.800830
660    0.026240 17.827071
661    0.026356 17.853427
662    0.025822 17.879249
663    0.026028 17.905277
664    0.025840 17.931117
665    0.025691 17.956809
666    0.025703 17.982512
667    0.025987 18.008499
668    0.025841 18.034340
669    0.025933 18.060273
670    0.025876 18.086148
671    0.026060 18.112208
672    0.026062 18.138270
673    0.026172 18.164442
674    0.026185 18.190627
675    0.026145 18.216772
676    0.026062 18.242834
677    0.026092 18.268927
678    0.025830 18.294757
679    0.029777 18.324534
680    0.025644 18.350178
681    0.026543 18.376721
682    0.026334 18.403055
683    0.025479 18.428534
684    0.025104 18.453638
685    0.025135 18.478773
686    0.025855 18.504628
687    0.025740 18.530368
688    0.025674 18.556041
689    0.026016 18.582057
690    0.026147 18.608204
691    0.026041 18.634245
692    0.025974 18.660219
693    0.025827 18.686046
694    0.025745 18.711791
695    0.025728 18.737519
696    0.025535 18.763054
697    0.026297 18.789351
698    0.025682 18.815033
699    0.025577 18.840611
700    0.025369 18.865980
701    0.025975 18.891955
702    0.025488 18.917442
703    0.025540 18.942982
704    0.025353 18.968335
705    0.025361 18.993697
706    0.025351 19.019048
707    0.025376 19.044424
708    0.025488 19.069912
709    0.025421 19.095333
710    0.025632 19.120965
711    0.025737 19.146702
712    0.025466 19.172169
713    0.025366 19.197534
714    0.025597 19.223131
715    0.025603 19.248734
716    0.025548 19.274282
717    0.025514 19.299796
718    0.025461 19.325257
719    0.025221 19.350478
720    0.025179 19.375657
721    0.026127 19.401784
722    0.025572 19.427356
723    0.025289 19.452645
724    0.024828 19.477473
725    0.024745 19.502217
726    0.025183 19.527400
727    0.025290 19.552690
728    0.025331 19.578022
729    0.025495 19.603517
730    0.025489 19.629006
731    0.025464 19.654470
732    0.025330 19.679800
733    0.025290 19.705090
734    0.025358 19.730448
735    0.025617 19.756065
736    0.025445 19.781510
737    0.025548 19.807058
738    0.025455 19.832512
739    0.025450 19.857963
740    0.025469 19.883432
741    0.025883 19.909314
742    0.025615 19.934930
743    0.025903 19.960832
744    0.025659 19.986491
745    0.025557 20.012048
746    0.025545 20.037593
747    0.025817 20.063410
748    0.025640 20.089050
749    0.025806 20.114856
750    0.025518 20.140374
751    0.025608 20.165982
752    0.025613 20.191595
753    0.025472 20.217067
754    0.025385 20.242451
755    0.025626 20.268078
756    0.025489 20.293566
757    0.025768 20.319334
758    0.025353 20.344688
759    0.025372 20.370059
760    0.025465 20.395525
761    0.026075 20.421600
762    0.025735 20.447335
763    0.025499 20.472834
764    0.025266 20.498100
765    0.024884 20.522983
766    0.025036 20.548019
767    0.025496 20.573514
768    0.025995 20.599509
769    0.026121 20.625631
770    0.030063 20.655693
771    0.025761 20.681455
772    0.025989 20.707444
773    0.025903 20.733347
774    0.026020 20.759367
775    0.025665 20.785033
776    0.026841 20.811874
777    0.026307 20.838181
778    0.025862 20.864043
779    0.025904 20.889948
780    0.025916 20.915863
781    0.026845 20.942708
782    0.026018 20.968726
783    0.026382 20.995108
784    0.026377 21.021484
785    0.026292 21.047776
786    0.026448 21.074224
787    0.025892 21.100117
788    0.025789 21.125906
789    0.025771 21.151677
790    0.025797 21.177474
791    0.025755 21.203229
792    0.025767 21.228996
793    0.025898 21.254894
794    0.025963 21.280857
795    0.026205 21.307062
796    0.026785 21.333847
797    0.026447 21.360294
798    0.026311 21.386604
799    0.026204 21.412808
800    0.026012 21.438820
801    0.027021 21.465841
802    0.026126 21.491967
803    0.026279 21.518245
804    0.026175 21.544420
805    0.025905 21.570326
806    0.026300 21.596625
807    0.025787 21.622412
808    0.025730 21.648142
809    0.026007 21.674149
810    0.025809 21.699958
811    0.025879 21.725838
812    0.025718 21.751556
813    0.025873 21.777429
814    0.025909 21.803339
815    0.025980 21.829319
816    0.025749 21.855068
817    0.025868 21.880936
818    0.025860 21.906795
819    0.026042 21.932837
820    0.026070 21.958907
821    0.026255 21.985162
822    0.026193 22.011355
823    0.026326 22.037681
824    0.026083 22.063764
825    0.026065 22.089829
826    0.025896 22.115725
827    0.025913 22.141638
828    0.025782 22.167420
829    0.025744 22.193164
830    0.025479 22.218643
831    0.025848 22.244491
832    0.025376 22.269867
833    0.025493 22.295359
834    0.025566 22.320925
835    0.025489 22.346414
836    0.025572 22.371986
837    0.025598 22.397585
838    0.025206 22.422790
839    0.025287 22.448078
840    0.025681 22.473759
841    0.026061 22.499819
842    0.025379 22.525198
843    0.025074 22.550272
844    0.024911 22.575184
845    0.025262 22.600445
846    0.025449 22.625894
847    0.025464 22.651358
848    0.025564 22.676922
849    0.025347 22.702269
850    0.025470 22.727739
851    0.025378 22.753117
852    0.025430 22.778547
853    0.025960 22.804506
854    0.025589 22.830095
855    0.025424 22.855519
856    0.025628 22.881147
857    0.025677 22.906825
858    0.025638 22.932463
859    0.025579 22.958042
860    0.025467 22.983509
861    0.025807 23.009316
862    0.025493 23.034809
863    0.025666 23.060475
864    0.025496 23.085971
865    0.025464 23.111435
866    0.025435 23.136870
867    0.025579 23.162448
868    0.025449 23.187898
869    0.025679 23.213577
870    0.025604 23.239181
871    0.025925 23.265106
872    0.025393 23.290499
873    0.025440 23.315939
874    0.025478 23.341417
875    0.025744 23.367161
876    0.025583 23.392743
877    0.025887 23.418630
878    0.025508 23.444138
879    0.025480 23.469619
880    0.025914 23.495533
881    0.026039 23.521572
882    0.024873 23.546445
883    0.024914 23.571359
884    0.024810 23.596169
885    0.025693 23.621862
886    0.025940 23.647802
887    0.025580 23.673382
888    0.025832 23.699214
889    0.025536 23.724750
890    0.025498 23.750248
891    0.025709 23.775957
892    0.025386 23.801343
893    0.025670 23.827012
894    0.026130 23.853142
895    0.025529 23.878672
896    0.025482 23.904153
897    0.025405 23.929558
898    0.025725 23.955283
899    0.025492 23.980775
900    0.025634 24.006410
901    0.026509 24.032919
902    0.026089 24.059007
903    0.026260 24.085268
904    0.026070 24.111337
905    0.026116 24.137453
906    0.026272 24.163725
907    0.026138 24.189863
908    0.025972 24.215836
909    0.025880 24.241716
910    0.025934 24.267650
911    0.025785 24.293434
912    0.025718 24.319152
913    0.026019 24.345171
914    0.025728 24.370899
915    0.025922 24.396821
916    0.025742 24.422563
917    0.026078 24.448641
918    0.026172 24.474813
919    0.026699 24.501512
920    0.026010 24.527522
921    0.026157 24.553679
922    0.025549 24.579227
923    0.025177 24.604404
924    0.025503 24.629908
925    0.025672 24.655579
926    0.025807 24.681387
927    0.026077 24.707463
928    0.025790 24.733253
929    0.025575 24.758827
930    0.025769 24.784596
931    0.025818 24.810414
932    0.026580 24.836994
933    0.026043 24.863036
934    0.026097 24.889134
935    0.026218 24.915352
936    0.025948 24.941300
937    0.026137 24.967437
938    0.026103 24.993540
939    0.026113 25.019654
940    0.026085 25.045739
941    0.026498 25.072237
942    0.025822 25.098059
943    0.025991 25.124049
944    0.025934 25.149983
945    0.026096 25.176079
946    0.025912 25.201992
947    0.025968 25.227960
948    0.025815 25.253775
949    0.025858 25.279633
950    0.026024 25.305657
951    0.025975 25.331632
952    0.025836 25.357467
953    0.025781 25.383248
954    0.025753 25.409002
955    0.026118 25.435119
956    0.025794 25.460913
957    0.025752 25.486665
958    0.025987 25.512652
959    0.025636 25.538288
960    0.025207 25.563495
961    0.026358 25.589853
962    0.025936 25.615789
963    0.025864 25.641653
964    0.025844 25.667497
965    0.025819 25.693316
966    0.025707 25.719023
967    0.026119 25.745143
968    0.025963 25.771105
969    0.025754 25.796859
970    0.025911 25.822771
971    0.025824 25.848594
972    0.025796 25.874391
973    0.025811 25.900202
974    0.025656 25.925857
975    0.026014 25.951871
976    0.026102 25.977973
977    0.025784 26.003757
978    0.025800 26.029557
979    0.025842 26.055399
980    0.026019 26.081419
981    0.026338 26.107756
982    0.025751 26.133508
983    0.025806 26.159314
984    0.025621 26.184935
985    0.025845 26.210779
986    0.025904 26.236683
987    0.025610 26.262294
988    0.025594 26.287887
989    0.025844 26.313731
990    0.025724 26.339455
991    0.025554 26.365009
992    0.025609 26.390618
993    0.029812 26.420430
994    0.025515 26.445945
995    0.025613 26.471558
996    0.026165 26.497722
997    0.025620 26.523343
998    0.025234 26.548577
999    0.024893 26.573469
1000   0.024886 26.598355
1001   0.025569 26.623924
1002   0.025342 26.649266
1003   0.025618 26.674884
1004   0.025400 26.700284
1005   0.025646 26.725930
1006   0.025482 26.751412
1007   0.025477 26.776889
1008   0.025602 26.802491
1009   0.025874 26.828365
1010   0.025649 26.854014
1011   0.025452 26.879465
1012   0.025336 26.904801
1013   0.025397 26.930198
1014   0.025341 26.955539
1015   0.025585 26.981124
1016   0.025477 27.006600
1017   0.025661 27.032261
1018   0.025608 27.057869
1019   0.025442 27.083311
1020   0.025482 27.108794
1021   0.026228 27.135022
1022   0.025483 27.160505
1023   0.025724 27.186228
1024   0.025513 27.211742
1025   0.025406 27.237148
1026   0.025486 27.262634
1027   0.025560 27.288193
1028   0.025361 27.313554
1029   0.025487 27.339040
1030   0.025560 27.364601
1031   0.025480 27.390080
1032   0.025485 27.415565
1033   0.025410 27.440975
1034   0.025555 27.466529
1035   0.025501 27.492030
1036   0.025682 27.517712
1037   0.025964 27.543675
1038   0.025321 27.568996
1039   0.024935 27.593932
1040   0.024836 27.618767
1041   0.025895 27.644662
1042   0.025262 27.669923
1043   0.025196 27.695120
1044   0.025377 27.720497
1045   0.025250 27.745746
1046   0.025556 27.771303
1047   0.025561 27.796864
1048   0.025409 27.822273
1049   0.025498 27.847771
1050   0.025441 27.873211
1051   0.025748 27.898959
1052   0.025688 27.924647
1053   0.025561 27.950208
1054   0.025807 27.976015
1055   0.025533 28.001548
1056   0.025546 28.027093
1057   0.025485 28.052578
1058   0.025621 28.078200
1059   0.025649 28.103849
1060   0.025671 28.129520
1061   0.026124 28.155643
1062   0.025535 28.181178
1063   0.025651 28.206829
1064   0.025389 28.232219
1065   0.025540 28.257759
1066   0.025540 28.283298
1067   0.029302 28.312600
1068   0.025399 28.337999
1069   0.025643 28.363643
1070   0.025167 28.388809
1071   0.025441 28.414251
1072   0.025406 28.439657
1073   0.025647 28.465303
1074   0.025533 28.490837
1075   0.025559 28.516396
1076   0.025578 28.541974
1077   0.026363 28.568337
1078   0.025681 28.594018
1079   0.025372 28.619390
1080   0.024873 28.644263
1081   0.025305 28.669568
1082   0.025092 28.694660
1083   0.025119 28.719778
1084   0.025350 28.745128
1085   0.025971 28.771100
1086   0.025613 28.796713
1087   0.025457 28.822170
1088   0.025969 28.848138
1089   0.025407 28.873546
1090   0.025462 28.899007
1091   0.025378 28.924386
1092   0.025199 28.949585
1093   0.025450 28.975036
1094   0.025495 29.000530
1095   0.025332 29.025863
1096   0.025511 29.051374
1097   0.025538 29.076912
1098   0.025502 29.102414
1099   0.025880 29.128294
1100   0.025308 29.153602
1101   0.026036 29.179638
1102   0.025502 29.205140
1103   0.025574 29.230715
1104   0.025525 29.256240
1105   0.025708 29.281948
1106   0.025974 29.307922
1107   0.025580 29.333503
1108   0.025691 29.359194
1109   0.025556 29.384750
1110   0.025482 29.410232
1111   0.025725 29.435957
1112   0.025652 29.461608
1113   0.025936 29.487544
1114   0.025631 29.513175
1115   0.025508 29.538683
1116   0.025664 29.564347
1117   0.025857 29.590204
1118   0.025748 29.615951
1119   0.025311 29.641263
1120   0.024820 29.666083
1121   0.025471 29.691554
1122   0.025033 29.716587
1123   0.025287 29.741873
1124   0.025166 29.767039
1125   0.025497 29.792537
1126   0.025603 29.818140
1127   0.025516 29.843656
1128   0.025564 29.869221
1129   0.025319 29.894540
1130   0.025445 29.919985
1131   0.025392 29.945377
1132   0.025462 29.970838
1133   0.025454 29.996292
1134   0.025519 30.021811
1135   0.025469 30.047280
1136   0.025650 30.072930
1137   0.025929 30.098859
1138   0.025216 30.124075
1139   0.025370 30.149444
1140   0.025451 30.174896
1141   0.026104 30.201000
1142   0.025609 30.226609
1143   0.025393 30.252002
1144   0.025480 30.277483
1145   0.025397 30.302879
1146   0.025550 30.328429
1147   0.025452 30.353880
1148   0.025463 30.379343
1149   0.025512 30.404855
1150   0.025226 30.430081
1151   0.025363 30.455444
1152   0.025394 30.480838
1153   0.025505 30.506343
1154   0.025222 30.531564
1155   0.026361 30.557925
1156   0.025213 30.583139
1157   0.025365 30.608504
1158   0.025863 30.634367
1159   0.025540 30.659907
1160   0.024994 30.684902
1161   0.025358 30.710260
1162   0.025192 30.735451
1163   0.025008 30.760459
1164   0.025264 30.785723
1165   0.025476 30.811199
1166   0.029787 30.840986
1167   0.027630 30.868616
1168   0.025492 30.894108
1169   0.025399 30.919507
1170   0.025573 30.945080
1171   0.025502 30.970582
1172   0.025120 30.995702
1173   0.025374 31.021077
1174   0.025393 31.046470
1175   0.025695 31.072165
1176   0.025456 31.097621
1177   0.025525 31.123146
1178   0.025417 31.148563
1179   0.025332 31.173896
1180   0.025385 31.199281
1181   0.025962 31.225243
1182   0.025595 31.250839
1183   0.025416 31.276255
1184   0.025229 31.301484
1185   0.025468 31.326952
1186   0.025605 31.352557
1187   0.025530 31.378086
1188   0.025431 31.403517
1189   0.025507 31.429024
1190   0.025359 31.454383
1191   0.025415 31.479798
1192   0.025439 31.505237
1193   0.025382 31.530619
1194   0.025261 31.555880
1195   0.026285 31.582165
1196   0.025630 31.607795
1197   0.025648 31.633442
1198   0.026136 31.659578
1199   0.025312 31.684890
1200   0.024712 31.709602
1201   0.025583 31.735185
1202   0.025110 31.760295
1203   0.025029 31.785324
1204   0.025162 31.810486
1205   0.025463 31.835949
1206   0.025728 31.861677
1207   0.025317 31.886994
1208   0.025163 31.912157
1209   0.025385 31.937542
1210   0.025234 31.962776
1211   0.025245 31.988021
1212   0.025495 32.013517
1213   0.025339 32.038856
1214   0.025271 32.064127
1215   0.025388 32.089514
1216   0.025220 32.114734
1217   0.025300 32.140034
1218   0.025552 32.165587
1219   0.025314 32.190900
1220   0.025404 32.216304
1221   0.026115 32.242419
1222   0.025436 32.267856
1223   0.025332 32.293188
1224   0.025597 32.318785
1225   0.025432 32.344217
1226   0.025652 32.369869
1227   0.025490 32.395359
1228   0.025535 32.420894
1229   0.025297 32.446192
1230   0.025412 32.471603
1231   0.025502 32.497105
1232   0.025444 32.522549
1233   0.025442 32.547990
1234   0.025301 32.573292
1235   0.025342 32.598634
1236   0.025522 32.624156
1237   0.025687 32.649843
1238   0.025226 32.675069
1239   0.025926 32.700995
1240   0.025087 32.726082
1241   0.025105 32.751187
1242   0.024868 32.776055
1243   0.025017 32.801072
1244   0.024971 32.826043
1245   0.025329 32.851372
1246   0.025639 32.877011
1247   0.025327 32.902338
1248   0.025368 32.927706
1249   0.025316 32.953022
1250   0.025351 32.978373
1251   0.025284 33.003657
1252   0.025239 33.028896
1253   0.025215 33.054112
1254   0.025357 33.079468
1255   0.025446 33.104915
1256   0.025582 33.130497
1257   0.025362 33.155859
1258   0.025319 33.181177
1259   0.025341 33.206519
1260   0.025211 33.231730
1261   0.025993 33.257722
1262   0.025212 33.282934
1263   0.025204 33.308139
1264   0.025809 33.333948
1265   0.025254 33.359202
1266   0.025823 33.385025
1267   0.025284 33.410309
1268   0.025304 33.435613
1269   0.025347 33.460960
1270   0.025495 33.486455
1271   0.025296 33.511751
1272   0.025467 33.537218
1273   0.025332 33.562549
1274   0.025554 33.588103
1275   0.025474 33.613577
1276   0.025293 33.638870
1277   0.025386 33.664256
1278   0.025320 33.689576
1279   0.025699 33.715275
1280   0.025291 33.740566
1281   0.025331 33.765897
1282   0.024698 33.790595
1283   0.024947 33.815542
1284   0.024963 33.840506
1285   0.025052 33.865557
1286   0.025380 33.890937
1287   0.025343 33.916280
1288   0.025241 33.941521
1289   0.025417 33.966938
1290   0.025422 33.992360
1291   0.025285 34.017645
1292   0.025261 34.042906
1293   0.025240 34.068146
1294   0.025472 34.093618
1295   0.025579 34.119198
1296   0.025397 34.144595
1297   0.025471 34.170065
1298   0.025246 34.195311
1299   0.025289 34.220600
1300   0.025336 34.245936
1301   0.029684 34.275619
1302   0.025244 34.300863
1303   0.025308 34.326171
1304   0.025231 34.351402
1305   0.025233 34.376636
1306   0.025409 34.402044
1307   0.025355 34.427399
1308   0.025495 34.452894
1309   0.029357 34.482251
1310   0.025378 34.507628
1311   0.025496 34.533124
1312   0.025364 34.558488
1313   0.025229 34.583717
1314   0.025118 34.608835
1315   0.025174 34.634008
1316   0.025373 34.659381
1317   0.025375 34.684756
1318   0.025284 34.710041
1319   0.025758 34.735799
1320   0.025352 34.761151
1321   0.025510 34.786661
1322   0.024872 34.811533
1323   0.024797 34.836330
1324   0.024675 34.861005
1325   0.025249 34.886254
1326   0.025315 34.911569
1327   0.025340 34.936909
1328   0.025429 34.962338
1329   0.025478 34.987816
1330   0.025336 35.013151
1331   0.025135 35.038286
1332   0.025116 35.063402
1333   0.025148 35.088550
1334   0.025196 35.113747
1335   0.025378 35.139124
1336   0.025315 35.164439
1337   0.025507 35.189947
1338   0.025483 35.215430
1339   0.025480 35.240910
1340   0.025338 35.266248
1341   0.025770 35.292018
1342   0.025262 35.317280
1343   0.025393 35.342673
1344   0.025229 35.367902
1345   0.025327 35.393229
1346   0.025413 35.418642
1347   0.025319 35.443961
1348   0.025188 35.469149
1349   0.025309 35.494458
1350   0.025336 35.519794
1351   0.025638 35.545431
1352   0.025502 35.570934
1353   0.025377 35.596311
1354   0.025168 35.621479
1355   0.025247 35.646725
1356   0.025344 35.672069
1357   0.025282 35.697351
1358   0.025240 35.722592
1359   0.025287 35.747879
1360   0.025683 35.773563
1361   0.025621 35.799183
1362   0.024760 35.823944
1363   0.024785 35.848729
1364   0.024820 35.873549
1365   0.024781 35.898330
1366   0.025097 35.923426
1367   0.025275 35.948702
1368   0.025118 35.973819
1369   0.025576 35.999395
1370   0.025378 36.024774
1371   0.025261 36.050035
1372   0.025224 36.075258
1373   0.025382 36.100641
1374   0.025183 36.125823
1375   0.025356 36.151180
1376   0.025342 36.176521
1377   0.025364 36.201885
1378   0.025292 36.227177
1379   0.025608 36.252785
1380   0.025256 36.278041
1381   0.025943 36.303984
1382   0.025460 36.329444
1383   0.025638 36.355082
1384   0.025319 36.380400
1385   0.025360 36.405760
1386   0.025641 36.431401
1387   0.025441 36.456843
1388   0.025422 36.482265
1389   0.025227 36.507492
1390   0.025235 36.532727
1391   0.025627 36.558354
1392   0.025221 36.583576
1393   0.025376 36.608952
1394   0.025389 36.634341
1395   0.025258 36.659599
1396   0.025621 36.685219
1397   0.025446 36.710665
1398   0.025340 36.736005
1399   0.025347 36.761352
1400   0.025428 36.786780
1401   0.026373 36.813152
1402   0.025148 36.838300
1403   0.024780 36.863081
1404   0.024914 36.887994
1405   0.025164 36.913158
1406   0.025310 36.938468
1407   0.025320 36.963789
1408   0.025210 36.988999
1409   0.025289 37.014288
1410   0.024916 37.039204
1411   0.025290 37.064494
1412   0.025173 37.089667
1413   0.025200 37.114867
1414   0.025227 37.140094
1415   0.025504 37.165598
1416   0.025359 37.190957
1417   0.025297 37.216254
1418   0.025557 37.241812
1419   0.025681 37.267493
1420   0.025300 37.292793
1421   0.025937 37.318730
1422   0.025329 37.344060
1423   0.025437 37.369497
1424   0.025086 37.394583
1425   0.025283 37.419866
1426   0.025302 37.445168
1427   0.025301 37.470470
1428   0.025225 37.495695
1429   0.025363 37.521058
1430   0.025481 37.546540
1431   0.025242 37.571781
1432   0.029064 37.600845
1433   0.025333 37.626178
1434   0.025226 37.651404
1435   0.025520 37.676924
1436   0.025397 37.702320
1437   0.025345 37.727665
1438   0.025247 37.752913
1439   0.025359 37.778272
1440   0.025323 37.803595
1441   0.025752 37.829348
1442   0.025585 37.854932
1443   0.025235 37.880167
1444   0.024743 37.904910
1445   0.024790 37.929699
1446   0.025034 37.954733
1447   0.025447 37.980181
1448   0.025337 38.005518
1449   0.025309 38.030826
1450   0.025349 38.056175
1451   0.025372 38.081547
1452   0.025337 38.106884
1453   0.025450 38.132334
1454   0.025306 38.157640
1455   0.025385 38.183025
1456   0.025604 38.208629
1457   0.025376 38.234006
1458   0.025221 38.259227
1459   0.025227 38.284454
1460   0.025214 38.309668
1461   0.025672 38.335339
1462   0.025395 38.360734
1463   0.025531 38.386265
1464   0.025259 38.411524
1465   0.025248 38.436772
1466   0.025346 38.462118
1467   0.025396 38.487514
1468   0.025363 38.512877
1469   0.025207 38.538084
1470   0.025202 38.563286
1471   0.025226 38.588513
1472   0.025353 38.613866
1473   0.025374 38.639240
1474   0.025445 38.664685
1475   0.025438 38.690123
1476   0.025097 38.715220
1477   0.025194 38.740414
1478   0.025163 38.765577
1479   0.025236 38.790813
1480   0.025351 38.816164
1481   0.025669 38.841833
1482   0.025289 38.867123
1483   0.026043 38.893165
1484   0.025079 38.918244
1485   0.024716 38.942961
1486   0.025048 38.968008
1487   0.025572 38.993581
1488   0.025054 39.018635
1489   0.025236 39.043871
1490   0.025157 39.069028
1491   0.025307 39.094335
1492   0.025397 39.119732
1493   0.025178 39.144910
1494   0.025182 39.170092
1495   0.025222 39.195314
1496   0.025481 39.220795
1497   0.025226 39.246021
1498   0.025360 39.271382
1499   0.025288 39.296669
1500   0.025508 39.322177
1501   0.026062 39.348239
1502   0.025229 39.373468
1503   0.025321 39.398789
1504   0.025263 39.424052
1505   0.025105 39.449157
1506   0.025173 39.474331
1507   0.025128 39.499459
1508   0.025373 39.524831
1509   0.025182 39.550013
1510   0.025228 39.575242
1511   0.025226 39.600468
1512   0.025212 39.625679
1513   0.025378 39.651057
1514   0.029072 39.680129
1515   0.025081 39.705210
1516   0.025726 39.730936
1517   0.025415 39.756351
1518   0.025213 39.781564
1519   0.025263 39.806827
1520   0.025239 39.832066
1521   0.025634 39.857700
1522   0.025242 39.882941
1523   0.025532 39.908473
1524   0.025232 39.933706
1525   0.025381 39.959087
1526   0.024900 39.983987
1527   0.025335 40.009322
1528   0.025181 40.034502
1529   0.025108 40.059611
1530   0.025354 40.084965
1531   0.025228 40.110193
1532   0.025205 40.135398
1533   0.025341 40.160739
1534   0.025357 40.186096
1535   0.025391 40.211487
1536   0.025371 40.236858
1537   0.025441 40.262298
1538   0.025076 40.287374
1539   0.025157 40.312531
1540   0.025511 40.338042
1541   0.025962 40.364004
1542   0.025161 40.389164
1543   0.025386 40.414550
1544   0.025356 40.439906
1545   0.025159 40.465065
1546   0.025124 40.490189
1547   0.025081 40.515270
1548   0.025374 40.540644
1549   0.025215 40.565859
1550   0.025482 40.591341
1551   0.025208 40.616549
1552   0.025688 40.642237
1553   0.026128 40.668365
1554   0.025983 40.694349
1555   0.025627 40.719975
1556   0.025455 40.745430
1557   0.025275 40.770705
1558   0.025291 40.795996
1559   0.025458 40.821454
1560   0.025368 40.846822
1561   0.025884 40.872706
1562   0.025292 40.897998
1563   0.025959 40.923957
1564   0.025215 40.949172
1565   0.024780 40.973952
1566   0.024892 40.998845
1567   0.025074 41.023918
1568   0.025128 41.049046
1569   0.025187 41.074233
1570   0.025321 41.099555
1571   0.025221 41.124776
1572   0.025115 41.149891
1573   0.025378 41.175268
1574   0.025284 41.200552
1575   0.025290 41.225842
1576   0.025153 41.250995
1577   0.025245 41.276240
1578   0.024995 41.301235
1579   0.025173 41.326408
1580   0.025089 41.351497
1581   0.025803 41.377300
1582   0.025411 41.402711
1583   0.025433 41.428144
1584   0.025176 41.453320
1585   0.025307 41.478627
1586   0.025323 41.503950
1587   0.025363 41.529313
1588   0.025487 41.554800
1589   0.029322 41.584122
1590   0.025270 41.609392
1591   0.025321 41.634713
1592   0.025381 41.660094
1593   0.025201 41.685295
1594   0.025086 41.710381
1595   0.025409 41.735790
1596   0.025492 41.761282
1597   0.025407 41.786689
1598   0.025258 41.811947
1599   0.025291 41.837238
1600   0.025322 41.862560
1601   0.025933 41.888493
1602   0.025264 41.913757
1603   0.025411 41.939168
1604   0.025404 41.964572
1605   0.025498 41.990069
1606   0.024986 42.015055
1607   0.024980 42.040035
1608   0.024900 42.064935
1609   0.025221 42.090156
1610   0.025174 42.115331
1611   0.025168 42.140499
1612   0.025070 42.165569
1613   0.025138 42.190707
1614   0.025218 42.215925
1615   0.025112 42.241037
1616   0.025454 42.266491
1617   0.025331 42.291823
1618   0.025401 42.317224
1619   0.025526 42.342750
1620   0.025236 42.367986
1621   0.025856 42.393841
1622   0.025309 42.419150
1623   0.025216 42.444367
1624   0.025073 42.469439
1625   0.025429 42.494868
1626   0.025320 42.520188
1627   0.029110 42.549298
1628   0.025330 42.574628
1629   0.025334 42.599962
1630   0.025334 42.625296
1631   0.025517 42.650813
1632   0.025321 42.676134
1633   0.025382 42.701515
1634   0.025295 42.726810
1635   0.025249 42.752059
1636   0.025189 42.777248
1637   0.025208 42.802456
1638   0.025173 42.827629
1639   0.025298 42.852927
1640   0.025316 42.878242
1641   0.025869 42.904111
1642   0.025284 42.929395
1643   0.025278 42.954673
1644   0.025979 42.980652
1645   0.025378 43.006030
1646   0.024738 43.030768
1647   0.024841 43.055609
1648   0.024788 43.080397
1649   0.025137 43.105534
1650   0.025207 43.130741
1651   0.025295 43.156036
1652   0.025337 43.181373
1653   0.025294 43.206667
1654   0.025126 43.231793
1655   0.025173 43.256966
1656   0.025256 43.282222
1657   0.025324 43.307546
1658   0.025369 43.332915
1659   0.025202 43.358118
1660   0.025238 43.383355
1661   0.025963 43.409319
1662   0.025283 43.434602
1663   0.025489 43.460091
1664   0.025306 43.485397
1665   0.025267 43.510664
1666   0.025475 43.536139
1667   0.025386 43.561525
1668   0.025257 43.586781
1669   0.025199 43.611980
1670   0.025313 43.637293
1671   0.025420 43.662713
1672   0.025124 43.687837
1673   0.025082 43.712919
1674   0.025156 43.738075
1675   0.025163 43.763238
1676   0.025598 43.788836
1677   0.025600 43.814436
1678   0.025264 43.839700
1679   0.025296 43.864996
1680   0.025421 43.890417
1681   0.026059 43.916476
1682   0.025257 43.941734
1683   0.025359 43.967093
1684   0.025422 43.992515
1685   0.026684 44.019199
1686   0.026149 44.045348
1687   0.025979 44.071327
1688   0.025864 44.097191
1689   0.026154 44.123345
1690   0.025652 44.148997
1691   0.025684 44.174681
1692   0.025401 44.200081
1693   0.025601 44.225683
1694   0.025806 44.251489
1695   0.025778 44.277266
1696   0.025832 44.303098
1697   0.025795 44.328893
1698   0.025712 44.354605
1699   0.026047 44.380652
1700   0.026003 44.406654
1701   0.026741 44.433395
1702   0.026012 44.459407
1703   0.026233 44.485641
1704   0.026121 44.511762
1705   0.026091 44.537853
1706   0.026160 44.564013
1707   0.026168 44.590181
1708   0.026258 44.616439
1709   0.026177 44.642615
1710   0.026084 44.668699
1711   0.026222 44.694921
1712   0.025967 44.720889
1713   0.026009 44.746897
1714   0.026108 44.773005
1715   0.026011 44.799016
1716   0.026069 44.825085
1717   0.026078 44.851163
1718   0.026198 44.877361
1719   0.026218 44.903579
1720   0.026225 44.929804
1721   0.026641 44.956445
1722   0.026002 44.982447
1723   0.026289 45.008736
1724   0.026340 45.035076
1725   0.025532 45.060608
1726   0.025028 45.085636
1727   0.024790 45.110426
1728   0.025060 45.135485
1729   0.025147 45.160632
1730   0.025731 45.186364
1731   0.025606 45.211970
1732   0.025597 45.237567
1733   0.025803 45.263370
1734   0.026334 45.289704
1735   0.026191 45.315895
1736   0.025972 45.341867
1737   0.025612 45.367479
1738   0.025476 45.392955
1739   0.025482 45.418437
1740   0.025253 45.443689
1741   0.026061 45.469750
1742   0.025403 45.495154
1743   0.025430 45.520584
1744   0.025198 45.545782
1745   0.025103 45.570885
1746   0.025381 45.596266
1747   0.025353 45.621620
1748   0.025277 45.646897
1749   0.025228 45.672125
1750   0.025297 45.697422
1751   0.025399 45.722821
1752   0.025129 45.747950
1753   0.025260 45.773210
1754   0.025101 45.798311
1755   0.025374 45.823685
1756   0.025291 45.848976
1757   0.025633 45.874609
1758   0.025232 45.899841
1759   0.025195 45.925036
1760   0.025167 45.950203
1761   0.025707 45.975911
1762   0.025202 46.001113
1763   0.025234 46.026347
1764   0.025359 46.051706
1765   0.025635 46.077341
1766   0.025297 46.102638
1767   0.024878 46.127516
1768   0.024539 46.152055
1769   0.025334 46.177389
1770   0.024894 46.202283
1771   0.025135 46.227418
1772   0.024961 46.252379
1773   0.025182 46.277561
1774   0.025213 46.302773
1775   0.025207 46.327980
1776   0.025389 46.353370
1777   0.025308 46.378678
1778   0.025369 46.404047
1779   0.025226 46.429274
1780   0.025101 46.454375
1781   0.025768 46.480143
1782   0.025249 46.505392
1783   0.025082 46.530474
1784   0.025168 46.555642
1785   0.025200 46.580842
1786   0.025255 46.606096
1787   0.025300 46.631396
1788   0.025020 46.656416
1789   0.025186 46.681603
1790   0.025193 46.706796
1791   0.025435 46.732230
1792   0.025460 46.757691
1793   0.025397 46.783088
1794   0.025308 46.808396
1795   0.025250 46.833646
1796   0.025318 46.858964
1797   0.025326 46.884290
1798   0.025455 46.909746
1799   0.025315 46.935061
1800   0.025215 46.960276
1801   0.025999 46.986275
1802   0.025297 47.011572
1803   0.025664 47.037236
1804   0.025290 47.062526
1805   0.025701 47.088227
1806   0.025367 47.113594
1807   0.024757 47.138351
1808   0.024741 47.163092
1809   0.024961 47.188053
1810   0.025019 47.213072
1811   0.025107 47.238179
1812   0.025137 47.263315
1813   0.025334 47.288649
1814   0.025416 47.314066
1815   0.025268 47.339334
1816   0.025290 47.364624
1817   0.025375 47.389999
1818   0.025276 47.415275
1819   0.025345 47.440620
1820   0.025196 47.465816
1821   0.025833 47.491649
1822   0.025363 47.517012
1823   0.025400 47.542412
1824   0.025428 47.567840
1825   0.025056 47.592896
1826   0.025358 47.618254
1827   0.025309 47.643563
1828   0.025224 47.668787
1829   0.025284 47.694071
1830   0.025065 47.719135
1831   0.025232 47.744368
1832   0.025315 47.769683
1833   0.025260 47.794943
1834   0.025246 47.820189
1835   0.025195 47.845384
1836   0.025315 47.870699
1837   0.025332 47.896031
1838   0.025373 47.921404
1839   0.025320 47.946723
1840   0.025262 47.971986
1841   0.026182 47.998167
1842   0.025239 48.023407
1843   0.025423 48.048830
1844   0.025251 48.074080
1845   0.025678 48.099758
1846   0.025294 48.125052
1847   0.025017 48.150069
1848   0.024766 48.174835
1849   0.024787 48.199621
1850   0.025107 48.224728
1851   0.024995 48.249723
1852   0.025426 48.275148
1853   0.025216 48.300364
1854   0.025191 48.325555
1855   0.025060 48.350615
1856   0.025320 48.375935
1857   0.025308 48.401243
1858   0.025073 48.426316
1859   0.025130 48.451446
1860   0.025414 48.476860
1861   0.025628 48.502488
1862   0.025027 48.527515
1863   0.025284 48.552799
1864   0.025187 48.577986
1865   0.025415 48.603401
1866   0.025514 48.628915
1867   0.025419 48.654334
1868   0.025235 48.679569
1869   0.025458 48.705027
1870   0.025299 48.730326
1871   0.025280 48.755606
1872   0.025387 48.780993
1873   0.025363 48.806356
1874   0.025314 48.831670
1875   0.025392 48.857061
1876   0.025370 48.882432
1877   0.025374 48.907805
1878   0.025297 48.933102
1879   0.025151 48.958253
1880   0.025126 48.983379
1881   0.025675 49.009055
1882   0.025178 49.034232
1883   0.025386 49.059619
1884   0.025383 49.085002
1885   0.025320 49.110321
1886   0.026115 49.136436
1887   0.026218 49.162655
1888   0.025866 49.188521
1889   0.025761 49.214282
1890   0.025731 49.240013
1891   0.025283 49.265296
1892   0.025396 49.290692
1893   0.025322 49.316014
1894   0.025289 49.341303
1895   0.025305 49.366608
1896   0.025490 49.392097
1897   0.025290 49.417388
1898   0.024985 49.442373
1899   0.025302 49.467675
1900   0.025219 49.492895
1901   0.025789 49.518683
1902   0.025248 49.543931
1903   0.025324 49.569255
1904   0.025112 49.594367
1905   0.025318 49.619685
1906   0.025448 49.645132
1907   0.025255 49.670387
1908   0.025348 49.695735
1909   0.025330 49.721066
1910   0.025322 49.746388
1911   0.025571 49.771959
1912   0.025258 49.797217
1913   0.025148 49.822364
1914   0.025267 49.847632
1915   0.025347 49.872978
1916   0.025362 49.898340
1917   0.025488 49.923828
1918   0.025476 49.949304
1919   0.025557 49.974861
1920   0.025453 50.000314
1921   0.025989 50.026304
1922   0.025447 50.051751
1923   0.025351 50.077102
1924   0.025603 50.102705
1925   0.025577 50.128282
1926   0.025440 50.153722
1927   0.024937 50.178659
1928   0.024876 50.203535
1929   0.024926 50.228461
1930   0.024915 50.253377
1931   0.025173 50.278549
1932   0.025223 50.303772
1933   0.025323 50.329095
1934   0.025271 50.354366
1935   0.025611 50.379977
1936   0.025274 50.405250
1937   0.025470 50.430721
1938   0.025283 50.456004
1939   0.025542 50.481546
1940   0.025299 50.506844
1941   0.025852 50.532696
1942   0.025547 50.558243
1943   0.025373 50.583616
1944   0.025087 50.608703
1945   0.025274 50.633976
1946   0.025449 50.659425
1947   0.025354 50.684780
1948   0.025458 50.710238
1949   0.025328 50.735565
1950   0.025299 50.760865
1951   0.025438 50.786303
1952   0.026133 50.812436
1953   0.027667 50.840102
1954   0.025466 50.865568
1955   0.025277 50.890845
1956   0.025396 50.916241
1957   0.025315 50.941556
1958   0.025363 50.966919
1959   0.025349 50.992267
1960   0.025341 51.017608
1961   0.025943 51.043551
1962   0.025475 51.069026
1963   0.025573 51.094598
1964   0.025409 51.120008
1965   0.025469 51.145476
1966   0.026440 51.171916
1967   0.026186 51.198102
1968   0.026221 51.224323
1969   0.025830 51.250153
1970   0.025789 51.275941
1971   0.025809 51.301750
1972   0.025490 51.327241
1973   0.025414 51.352654
1974   0.025294 51.377948
1975   0.025395 51.403343
1976   0.025378 51.428721
1977   0.025321 51.454042
1978   0.025345 51.479387
1979   0.025373 51.504760
1980   0.025321 51.530081
1981   0.025982 51.556063
1982   0.025368 51.581431
1983   0.025429 51.606859
1984   0.025582 51.632441
1985   0.025477 51.657918
1986   0.025332 51.683251
1987   0.025323 51.708574
1988   0.025352 51.733925
1989   0.025426 51.759351
1990   0.025266 51.784618
1991   0.025582 51.810199
1992   0.025623 51.835822
1993   0.025154 51.860977
1994   0.025153 51.886129
1995   0.025378 51.911508
1996   0.025346 51.936854
1997   0.025432 51.962286
1998   0.025339 51.987624
1999   0.025418 52.013042
2000   0.025303 52.038345
2001   0.026137 52.064482
2002   0.025340 52.089822
2003   0.025507 52.115330
2004   0.025420 52.140749
2005   0.025300 52.166049
2006   0.025946 52.191995
2007   0.026145 52.218140
2008   0.025889 52.244029
2009   0.025880 52.269910
2010   0.025539 52.295449
2011   0.025552 52.321001
2012   0.025462 52.346463
2013   0.025329 52.371792
2014   0.025264 52.397057
2015   0.025612 52.422669
2016   0.025289 52.447958
2017   0.025257 52.473215
2018   0.025378 52.498593
2019   0.025476 52.524069
2020   0.025329 52.549398
2021   0.026010 52.575408
2022   0.025212 52.600620
2023   0.025406 52.626026
2024   0.025278 52.651304
2025   0.025348 52.676653
2026   0.025409 52.702061
2027   0.025306 52.727367
2028   0.025343 52.752710
2029   0.025397 52.778107
2030   0.025407 52.803515
2031   0.025502 52.829016
2032   0.025353 52.854369
2033   0.025343 52.879713
2034   0.025288 52.905001
2035   0.029288 52.934289
2036   0.025348 52.959637
2037   0.025530 52.985167
2038   0.025566 53.010733
2039   0.025322 53.036055
2040   0.025400 53.061455
2041   0.028901 53.090357
2042   0.025449 53.115806
2043   0.025414 53.141220
2044   0.025078 53.166298
2045   0.025149 53.191447
2046   0.025151 53.216597
2047   0.025657 53.242254
2048   0.024960 53.267214
2049   0.024541 53.291756
2050   0.024670 53.316425
2051   0.025001 53.341427
2052   0.024881 53.366308
2053   0.025053 53.391361
2054   0.025197 53.416558
2055   0.025202 53.441761
2056   0.025253 53.467014
2057   0.025305 53.492319
2058   0.025211 53.517530
2059   0.025195 53.542725
2060   0.025193 53.567918
2061   0.025807 53.593725
2062   0.025243 53.618967
2063   0.025289 53.644256
2064   0.025304 53.669560
2065   0.025351 53.694911
2066   0.025633 53.720545
2067   0.025158 53.745702
2068   0.025124 53.770827
2069   0.025775 53.796602
2070   0.025481 53.822083
2071   0.025424 53.847507
2072   0.025344 53.872851
2073   0.025327 53.898178
2074   0.025254 53.923432
2075   0.025243 53.948675
2076   0.025537 53.974212
2077   0.025224 53.999435
2078   0.025233 54.024668
2079   0.025514 54.050181
2080   0.025653 54.075835
2081   0.025886 54.101720
2082   0.025345 54.127066
2083   0.025623 54.152688
2084   0.025186 54.177874
2085   0.025314 54.203188
2086   0.025530 54.228719
2087   0.025733 54.254452
2088   0.025185 54.279636
2089   0.024744 54.304380
2090   0.024858 54.329238
2091   0.025140 54.354378
2092   0.024900 54.379278
2093   0.025176 54.404455
2094   0.025253 54.429707
2095   0.025357 54.455064
2096   0.025723 54.480788
2097   0.025749 54.506536
2098   0.025194 54.531730
2099   0.025273 54.557003
2100   0.025280 54.582283
2101   0.025968 54.608251
2102   0.025357 54.633608
2103   0.025362 54.658970
2104   0.025179 54.684149
2105   0.025110 54.709260
2106   0.025220 54.734479
2107   0.025292 54.759771
2108   0.025510 54.785281
2109   0.025271 54.810552
2110   0.025123 54.835675
2111   0.025171 54.860846
2112   0.025144 54.885990
2113   0.025188 54.911178
2114   0.025196 54.936374
2115   0.025469 54.961842
2116   0.025400 54.987243
2117   0.025320 55.012563
2118   0.025247 55.037810
2119   0.025298 55.063108
2120   0.025424 55.088531
2121   0.025774 55.114306
2122   0.025249 55.139554
2123   0.025361 55.164915
2124   0.025156 55.190071
2125   0.025409 55.215481
2126   0.025185 55.240666
2127   0.025139 55.265805
2128   0.025722 55.291526
2129   0.025303 55.316829
2130   0.024712 55.341541
2131   0.024847 55.366388
2132   0.024932 55.391320
2133   0.024918 55.416238
2134   0.025168 55.441406
2135   0.025163 55.466569
2136   0.025415 55.491984
2137   0.025217 55.517201
2138   0.025183 55.542383
2139   0.025214 55.567597
2140   0.026459 55.594056
2141   0.025752 55.619808
2142   0.025143 55.644950
2143   0.025118 55.670068
2144   0.025267 55.695335
2145   0.025243 55.720577
2146   0.025414 55.745991
2147   0.025347 55.771338
2148   0.025388 55.796726
2149   0.025210 55.821936
2150   0.025367 55.847303
2151   0.025554 55.872857
2152   0.025465 55.898322
2153   0.025258 55.923580
2154   0.025257 55.948837
2155   0.025220 55.974057
2156   0.025289 55.999345
2157   0.025462 56.024807
2158   0.025222 56.050029
2159   0.025417 56.075446
2160   0.025224 56.100670
2161   0.025907 56.126578
2162   0.025217 56.151795
2163   0.025217 56.177012
2164   0.025367 56.202379
2165   0.025322 56.227700
2166   0.025367 56.253067
2167   0.025268 56.278336
2168   0.025575 56.303910
2169   0.025156 56.329067
2170   0.024585 56.353652
2171   0.024465 56.378117
2172   0.024872 56.402989
2173   0.024745 56.427734
2174   0.025061 56.452795
2175   0.025065 56.477860
2176   0.025394 56.503254
2177   0.025274 56.528528
2178   0.025174 56.553702
2179   0.025199 56.578901
2180   0.025421 56.604322
2181   0.025711 56.630033
2182   0.025330 56.655363
2183   0.025148 56.680511
2184   0.025158 56.705669
2185   0.025372 56.731041
2186   0.025168 56.756209
2187   0.025183 56.781393
2188   0.025033 56.806426
2189   0.025152 56.831578
2190   0.025087 56.856665
2191   0.025044 56.881709
2192   0.025075 56.906784
2193   0.025232 56.932015
2194   0.025207 56.957222
2195   0.025168 56.982390
2196   0.025181 57.007572
2197   0.025274 57.032845
2198   0.025266 57.058111
2199   0.025105 57.083216
2200   0.025259 57.108475
2201   0.025858 57.134333
2202   0.025397 57.159730
2203   0.025250 57.184980
2204   0.025191 57.210171
2205   0.025324 57.235495
2206   0.025391 57.260886
2207   0.025286 57.286172
2208   0.025500 57.311672
2209   0.025096 57.336768
2210   0.024965 57.361733
2211   0.025002 57.386735
2212   0.024868 57.411603
2213   0.024917 57.436520
2214   0.024934 57.461454
2215   0.025389 57.486844
2216   0.025261 57.512105
2217   0.025385 57.537489
2218   0.025253 57.562743
2219   0.025319 57.588062
2220   0.025325 57.613387
2221   0.025819 57.639206
2222   0.025217 57.664423
2223   0.025168 57.689590
2224   0.025060 57.714651
2225   0.025177 57.739827
2226   0.025284 57.765112
2227   0.025355 57.790467
2228   0.025352 57.815819
2229   0.025356 57.841175
2230   0.025141 57.866316
2231   0.025267 57.891584
2232   0.025392 57.916976
2233   0.025382 57.942357
2234   0.025333 57.967690
2235   0.025654 57.993345
2236   0.025206 58.018551
2237   0.025543 58.044095
2238   0.025389 58.069483
2239   0.025439 58.094922
2240   0.025368 58.120291
2241   0.025656 58.145946
2242   0.025396 58.171342
2243   0.025322 58.196664
2244   0.025327 58.221991
2245   0.025286 58.247277
2246   0.025277 58.272554
2247   0.025265 58.297819
2248   0.025213 58.323031
2249   0.025628 58.348659
2250   0.025093 58.373752
2251   0.024873 58.398625
2252   0.024740 58.423364
2253   0.024698 58.448062
2254   0.024776 58.472838
2255   0.024873 58.497711
2256   0.025176 58.522887
2257   0.025173 58.548060
2258   0.025282 58.573342
2259   0.025028 58.598370
2260   0.025273 58.623642
2261   0.025673 58.649316
2262   0.025164 58.674479
2263   0.025394 58.699873
2264   0.027732 58.727605
2265   0.025646 58.753251
2266   0.025883 58.779134
2267   0.025245 58.804379
2268   0.025267 58.829647
2269   0.025290 58.854936
2270   0.025355 58.880291
2271   0.025330 58.905621
2272   0.025391 58.931012
2273   0.025340 58.956352
2274   0.025330 58.981682
2275   0.025329 59.007011
2276   0.025819 59.032830
2277   0.025309 59.058139
2278   0.029144 59.087283
2279   0.025588 59.112871
2280   0.025338 59.138209
2281   0.025812 59.164020
2282   0.025498 59.189518
2283   0.025405 59.214923
2284   0.025515 59.240438
2285   0.025424 59.265862
2286   0.025476 59.291338
2287   0.025462 59.316800
2288   0.025248 59.342048
2289   0.025332 59.367379
2290   0.026046 59.393426
2291   0.025354 59.418780
2292   0.024819 59.443598
2293   0.024562 59.468160
2294   0.025229 59.493389
2295   0.025013 59.518402
2296   0.025041 59.543443
2297   0.025244 59.568687
2298   0.025261 59.593948
2299   0.025443 59.619391
2300   0.025414 59.644804
2301   0.025932 59.670736
2302   0.025336 59.696072
2303   0.025448 59.721520
2304   0.025691 59.747212
2305   0.025139 59.772351
2306   0.025557 59.797908
2307   0.025546 59.823454
2308   0.025632 59.849086
2309   0.025893 59.874980
2310   0.025417 59.900397
2311   0.025331 59.925727
2312   0.025185 59.950913
2313   0.025499 59.976412
2314   0.025431 60.001842
2315   0.025392 60.027235
2316   0.025464 60.052698
2317   0.025521 60.078219
2318   0.025558 60.103777
2319   0.025403 60.129180
2320   0.025454 60.154634
2321   0.025781 60.180415
2322   0.025544 60.205959
2323   0.025358 60.231317
2324   0.025368 60.256685
2325   0.025283 60.281968
2326   0.025297 60.307266
2327   0.025528 60.332793
2328   0.025349 60.358142
2329   0.025261 60.383403
2330   0.025365 60.408768
2331   0.025936 60.434704
2332   0.025249 60.459953
2333   0.024775 60.484728
2334   0.024756 60.509485
2335   0.025068 60.534552
2336   0.024889 60.559441
2337   0.025302 60.584743
2338   0.025187 60.609930
2339   0.025539 60.635469
2340   0.025201 60.660670
2341   0.025864 60.686534
2342   0.025289 60.711823
2343   0.025210 60.737033
2344   0.025185 60.762218
2345   0.025307 60.787525
2346   0.025392 60.812917
2347   0.025496 60.838413
2348   0.025468 60.863881
2349   0.025273 60.889154
2350   0.025368 60.914522
2351   0.025371 60.939893
2352   0.025345 60.965239
2353   0.025407 60.990645
2354   0.025432 61.016077
2355   0.025386 61.041463
2356   0.025497 61.066960
2357   0.025310 61.092270
2358   0.025405 61.117676
2359   0.025248 61.142924
2360   0.025071 61.167995
2361   0.025735 61.193730
2362   0.025303 61.219033
2363   0.025412 61.244444
2364   0.025306 61.269751
2365   0.025503 61.295254
2366   0.025607 61.320861
2367   0.025352 61.346213
2368   0.025343 61.371555
2369   0.025416 61.396971
2370   0.025512 61.422483
2371   0.025476 61.447959
2372   0.025859 61.473818
2373   0.025359 61.499177
2374   0.024850 61.524027
2375   0.024776 61.548803
2376   0.024964 61.573767
2377   0.024935 61.598702
2378   0.025228 61.623930
2379   0.025635 61.649565
2380   0.025356 61.674920
2381   0.025942 61.700862
2382   0.025546 61.726408
2383   0.025314 61.751722
2384   0.025383 61.777104
2385   0.025438 61.802542
2386   0.025430 61.827972
2387   0.025342 61.853314
2388   0.025233 61.878547
2389   0.025456 61.904004
2390   0.025306 61.929310
2391   0.025423 61.954733
2392   0.025352 61.980085
2393   0.025378 62.005463
2394   0.025193 62.030656
2395   0.025417 62.056073
2396   0.025423 62.081496
2397   0.025358 62.106854
2398   0.025559 62.132413
2399   0.025567 62.157980
2400   0.025416 62.183396
2401   0.026415 62.209811
2402   0.025399 62.235210
2403   0.025414 62.260623
2404   0.025224 62.285847
2405   0.025192 62.311039
2406   0.025263 62.336302
2407   0.025378 62.361680
2408   0.025302 62.386983
2409   0.025295 62.412277
2410   0.025480 62.437757
2411   0.025389 62.463146
2412   0.025846 62.488992
2413   0.025280 62.514272
2414   0.025203 62.539475
2415   0.024766 62.564241
2416   0.024987 62.589228
2417   0.025138 62.614366
2418   0.025558 62.639925
2419   0.025480 62.665405
2420   0.025356 62.690761
2421   0.026078 62.716838
2422   0.025094 62.741933
2423   0.025431 62.767363
2424   0.025339 62.792702
2425   0.025328 62.818030
2426   0.025461 62.843491
2427   0.025324 62.868815
2428   0.025286 62.894102
2429   0.025500 62.919602
2430   0.025475 62.945077
2431   0.025480 62.970557
2432   0.025702 62.996259
2433   0.025459 63.021718
2434   0.025303 63.047021
2435   0.025261 63.072282
2436   0.025267 63.097549
2437   0.025295 63.122845
2438   0.025527 63.148371
2439   0.025314 63.173685
2440   0.025243 63.198928
2441   0.025880 63.224808
2442   0.025373 63.250181
2443   0.025640 63.275821
2444   0.025145 63.300966
2445   0.025654 63.326620
2446   0.025619 63.352239
2447   0.025571 63.377810
2448   0.025264 63.403075
2449   0.025399 63.428474
2450   0.025405 63.453878
2451   0.025452 63.479330
2452   0.025521 63.504852
2453   0.025925 63.530777
2454   0.025182 63.555959
2455   0.024846 63.580805
2456   0.024780 63.605585
2457   0.025156 63.630741
2458   0.024989 63.655730
2459   0.025156 63.680886
2460   0.025200 63.706086
2461   0.025904 63.731990
2462   0.025434 63.757423
2463   0.025460 63.782883
2464   0.025163 63.808046
2465   0.025577 63.833623
2466   0.025307 63.858929
2467   0.025214 63.884144
2468   0.025380 63.909524
2469   0.025541 63.935064
2470   0.025448 63.960512
2471   0.025476 63.985988
2472   0.025534 64.011522
2473   0.025410 64.036932
2474   0.025366 64.062298
2475   0.025537 64.087836
2476   0.025466 64.113301
2477   0.025393 64.138695
2478   0.025435 64.164129
2479   0.025476 64.189605
2480   0.025405 64.215011
2481   0.025783 64.240794
2482   0.025310 64.266104
2483   0.025339 64.291443
2484   0.025307 64.316750
2485   0.025388 64.342138
2486   0.025386 64.367524
2487   0.025491 64.393016
2488   0.025314 64.418330
2489   0.025227 64.443556
2490   0.025218 64.468774
2491   0.025433 64.494207
2492   0.025460 64.519667
2493   0.025504 64.545171
2494   0.025828 64.571000
2495   0.025282 64.596282
2496   0.024649 64.620930
2497   0.024772 64.645702
2498   0.025087 64.670789
2499   0.024946 64.695734
2500   0.025176 64.720911
2501   0.029821 64.750732
2502   0.025193 64.775925
2503   0.025389 64.801314
2504   0.025321 64.826636
2505   0.025306 64.851942
2506   0.025677 64.877619
2507   0.025285 64.902903
2508   0.025260 64.928163
2509   0.025988 64.954151
2510   0.025497 64.979648
2511   0.025477 65.005125
2512   0.025538 65.030663
2513   0.025325 65.055988
2514   0.025345 65.081333
2515   0.025270 65.106603
2516   0.025290 65.131892
2517   0.025600 65.157493
2518   0.025503 65.182996
2519   0.025420 65.208417
2520   0.025569 65.233985
2521   0.025952 65.259937
2522   0.025571 65.285508
2523   0.025529 65.311037
2524   0.025675 65.336712
2525   0.025345 65.362057
2526   0.025515 65.387572
2527   0.025456 65.413028
2528   0.025540 65.438568
2529   0.025674 65.464242
2530   0.025437 65.489679
2531   0.025447 65.515127
2532   0.025376 65.540502
2533   0.025375 65.565877
2534   0.025656 65.591533
2535   0.025365 65.616899
2536   0.025014 65.641912
2537   0.024786 65.666698
2538   0.024715 65.691414
2539   0.025011 65.716425
2540   0.024976 65.741400
2541   0.025825 65.767225
2542   0.025234 65.792460
2543   0.025304 65.817764
2544   0.025580 65.843343
2545   0.025308 65.868651
2546   0.025376 65.894027
2547   0.025144 65.919171
2548   0.025327 65.944498
2549   0.025188 65.969687
2550   0.025164 65.994850
2551   0.025227 66.020077
2552   0.025288 66.045365
2553   0.025456 66.070822
2554   0.025334 66.096155
2555   0.025268 66.121423
2556   0.025396 66.146819
2557   0.025377 66.172196
2558   0.025394 66.197590
2559   0.025229 66.222819
2560   0.025395 66.248215
2561   0.025902 66.274116
2562   0.025272 66.299389
2563   0.025194 66.324583
2564   0.025221 66.349804
2565   0.025151 66.374955
2566   0.025349 66.400304
2567   0.025388 66.425692
2568   0.025225 66.450917
2569   0.025243 66.476160
2570   0.025368 66.501528
2571   0.025424 66.526952
2572   0.025331 66.552283
2573   0.025279 66.577562
2574   0.025210 66.602772
2575   0.025542 66.628314
2576   0.025215 66.653530
2577   0.024967 66.678497
2578   0.024562 66.703059
2579   0.024951 66.728010
2580   0.024839 66.752849
2581   0.025598 66.778447
2582   0.024955 66.803402
2583   0.025123 66.828524
2584   0.025227 66.853751
2585   0.025239 66.878989
2586   0.025621 66.904610
2587   0.025528 66.930138
2588   0.025562 66.955700
2589   0.025313 66.981013
2590   0.025423 67.006435
2591   0.025220 67.031655
2592   0.025230 67.056886
2593   0.025374 67.082260
2594   0.025344 67.107604
2595   0.025234 67.132838
2596   0.025296 67.158134
2597   0.025255 67.183390
2598   0.025346 67.208736
2599   0.025367 67.234103
2600   0.025427 67.259529
2601   0.026074 67.285603
2602   0.025638 67.311241
2603   0.025301 67.336542
2604   0.025211 67.361753
2605   0.025387 67.387141
2606   0.025575 67.412716
2607   0.025393 67.438109
2608   0.025357 67.463466
2609   0.025486 67.488952
2610   0.025482 67.514434
2611   0.025282 67.539716
2612   0.025415 67.565131
2613   0.025562 67.590693
2614   0.025287 67.615981
2615   0.025324 67.641304
2616   0.026382 67.667686
2617   0.026106 67.693792
2618   0.026008 67.719800
2619   0.025686 67.745486
2620   0.025726 67.771212
2621   0.026123 67.797335
2622   0.025458 67.822793
2623   0.026285 67.849078
2624   0.025157 67.874235
2625   0.025444 67.899679
2626   0.025178 67.924857
2627   0.025664 67.950521
2628   0.025203 67.975724
2629   0.025329 68.001054
2630   0.025588 68.026642
2631   0.025208 68.051850
2632   0.025400 68.077250
2633   0.026054 68.103304
2634   0.025297 68.128601
2635   0.025556 68.154157
2636   0.025275 68.179432
2637   0.025192 68.204624
2638   0.025458 68.230082
2639   0.025246 68.255328
2640   0.029289 68.284616
2641   0.025971 68.310587
2642   0.025284 68.335871
2643   0.025206 68.361077
2644   0.025130 68.386208
2645   0.025559 68.411766
2646   0.025335 68.437101
2647   0.025259 68.462360
2648   0.025439 68.487799
2649   0.025346 68.513145
2650   0.025278 68.538423
2651   0.025264 68.563687
2652   0.025180 68.588866
2653   0.025374 68.614241
2654   0.025295 68.639536
2655   0.025266 68.664802
2656   0.026031 68.690832
2657   0.026166 68.716999
2658   0.026115 68.743114
2659   0.025872 68.768986
2660   0.025715 68.794701
2661   0.026133 68.820834
2662   0.025580 68.846415
2663   0.025447 68.871861
2664   0.025246 68.897107
2665   0.025562 68.922670
2666   0.025321 68.947990
2667   0.025320 68.973310
2668   0.025365 68.998675
2669   0.025277 69.023952
2670   0.025401 69.049354
2671   0.025312 69.074666
2672   0.025224 69.099890
2673   0.025647 69.125537
2674   0.025165 69.150702
2675   0.025437 69.176139
2676   0.025100 69.201239
2677   0.025227 69.226466
2678   0.025022 69.251489
2679   0.025397 69.276886
2680   0.025557 69.302443
2681   0.025872 69.328315
2682   0.025384 69.353699
2683   0.025230 69.378929
2684   0.025315 69.404244
2685   0.025381 69.429625
2686   0.025399 69.455024
2687   0.025158 69.480182
2688   0.025240 69.505422
2689   0.025272 69.530694
2690   0.025196 69.555890
2691   0.025232 69.581122
2692   0.025210 69.606333
2693   0.025842 69.632175
2694   0.025117 69.657292
2695   0.025142 69.682434
2696   0.025687 69.708121
2697   0.025231 69.733352
2698   0.024713 69.758066
2699   0.024455 69.782521
2700   0.025132 69.807652
2701   0.025475 69.833127
2702   0.025205 69.858333
2703   0.025178 69.883511
2704   0.025102 69.908612
2705   0.025191 69.933803
2706   0.025336 69.959139
2707   0.025457 69.984596
2708   0.025240 70.009836
2709   0.025316 70.035153
2710   0.025230 70.060382
2711   0.025234 70.085617
2712   0.025241 70.110858
2713   0.025535 70.136393
2714   0.025217 70.161610
2715   0.025544 70.187153
2716   0.025312 70.212465
2717   0.025176 70.237641
2718   0.025593 70.263234
2719   0.025275 70.288508
2720   0.025175 70.313684
2721   0.025703 70.339386
2722   0.025432 70.364818
2723   0.025354 70.390172
2724   0.025552 70.415724
2725   0.025322 70.441046
2726   0.025247 70.466293
2727   0.025304 70.491597
2728   0.025394 70.516991
2729   0.025323 70.542314
2730   0.025233 70.567547
2731   0.025424 70.592971
2732   0.025346 70.618317
2733   0.025365 70.643682
2734   0.025354 70.669035
2735   0.025408 70.694443
2736   0.025635 70.720077
2737   0.026001 70.746079
2738   0.025233 70.771312
2739   0.028945 70.800257
2740   0.024908 70.825165
2741   0.025668 70.850833
2742   0.024821 70.875654
2743   0.025088 70.900742
2744   0.025222 70.925964
2745   0.025391 70.951355
2746   0.025299 70.976654
2747   0.025569 71.002222
2748   0.025205 71.027427
2749   0.025333 71.052760
2750   0.025185 71.077946
2751   0.025332 71.103278
2752   0.025094 71.128372
2753   0.025182 71.153554
2754   0.028347 71.181901
2755   0.025539 71.207440
2756   0.025419 71.232859
2757   0.025583 71.258442
2758   0.025336 71.283778
2759   0.025180 71.308958
2760   0.025102 71.334060
2761   0.025839 71.359899
2762   0.025432 71.385331
2763   0.025151 71.410482
2764   0.025075 71.435557
2765   0.025310 71.460867
2766   0.025311 71.486178
2767   0.025269 71.511447
2768   0.025481 71.536928
2769   0.025359 71.562287
2770   0.025190 71.587477
2771   0.025267 71.612744
2772   0.025421 71.638166
2773   0.025133 71.663299
2774   0.025308 71.688607
2775   0.025404 71.714011
2776   0.025236 71.739247
2777   0.025305 71.764552
2778   0.025657 71.790209
2779   0.025194 71.815403
2780   0.024907 71.840311
2781   0.025636 71.865947
2782   0.025095 71.891042
2783   0.025044 71.916086
2784   0.025280 71.941366
2785   0.025448 71.966815
2786   0.025402 71.992216
2787   0.025231 72.017448
2788   0.025229 72.042677
2789   0.025339 72.068016
2790   0.025322 72.093338
2791   0.025330 72.118668
2792   0.025227 72.143895
2793   0.025161 72.169056
2794   0.025573 72.194628
2795   0.025313 72.219941
2796   0.025345 72.245287
2797   0.025303 72.270590
2798   0.025379 72.295969
2799   0.025299 72.321268
2800   0.025768 72.347036
2801   0.026880 72.373916
2802   0.026101 72.400017
2803   0.025847 72.425864
2804   0.025762 72.451625
2805   0.025547 72.477172
2806   0.025566 72.502738
2807   0.025424 72.528162
2808   0.025474 72.553636
2809   0.025631 72.579267
2810   0.025409 72.604676
2811   0.026006 72.630682
2812   0.026413 72.657095
2813   0.026197 72.683292
2814   0.025609 72.708902
2815   0.025326 72.734228
2816   0.025501 72.759729
2817   0.025856 72.785585
2818   0.025836 72.811421
2819   0.025760 72.837181
2820   0.025393 72.862575
2821   0.025653 72.888227
2822   0.025698 72.913925
2823   0.025752 72.939678
2824   0.026021 72.965699
2825   0.026193 72.991892
2826   0.025913 73.017805
2827   0.026135 73.043940
2828   0.025768 73.069708
2829   0.026033 73.095741
2830   0.026165 73.121907
2831   0.026248 73.148155
2832   0.026355 73.174509
2833   0.026047 73.200556
2834   0.025952 73.226508
2835   0.025968 73.252476
2836   0.025848 73.278324
2837   0.025878 73.304202
2838   0.025575 73.329777
2839   0.025381 73.355158
2840   0.025469 73.380627
2841   0.026041 73.406667
2842   0.025435 73.432102
2843   0.025344 73.457446
2844   0.025333 73.482779
2845   0.025287 73.508066
2846   0.025505 73.533570
2847   0.025218 73.558788
2848   0.025540 73.584329
2849   0.025236 73.609565
2850   0.025143 73.634708
2851   0.025311 73.660019
2852   0.025530 73.685549
2853   0.025408 73.710956
2854   0.025408 73.736365
2855   0.025391 73.761756
2856   0.025635 73.787390
2857   0.025420 73.812810
2858   0.025815 73.838626
2859   0.025303 73.863929
2860   0.024868 73.888796
2861   0.025400 73.914196
2862   0.025046 73.939242
2863   0.025021 73.964263
2864   0.025267 73.989531
2865   0.025304 74.014834
2866   0.025356 74.040191
2867   0.025412 74.065602
2868   0.025242 74.090844
2869   0.025646 74.116490
2870   0.025760 74.142250
2871   0.026070 74.168320
2872   0.025753 74.194072
2873   0.025619 74.219691
2874   0.025743 74.245434
2875   0.026427 74.271861
2876   0.025702 74.297563
2877   0.025605 74.323168
2878   0.025570 74.348738
2879   0.025431 74.374169
2880   0.025444 74.399613
2881   0.026000 74.425613
2882   0.025361 74.450974
2883   0.025541 74.476515
2884   0.025452 74.501967
2885   0.025625 74.527592
2886   0.025362 74.552954
2887   0.025298 74.578252
2888   0.025082 74.603333
2889   0.025203 74.628536
2890   0.025183 74.653719
2891   0.025634 74.679354
2892   0.025247 74.704601
2893   0.025512 74.730114
2894   0.025370 74.755483
2895   0.025401 74.780884
2896   0.025626 74.806511
2897   0.026057 74.832568
2898   0.026144 74.858712
2899   0.025747 74.884459
2900   0.025456 74.909915
2901   0.025752 74.935667
2902   0.025075 74.960743
2903   0.025557 74.986299
2904   0.025993 75.012293
2905   0.025794 75.038087
2906   0.025502 75.063588
2907   0.025699 75.089288
2908   0.025634 75.114921
2909   0.025574 75.140495
2910   0.025222 75.165718
2911   0.025453 75.191171
2912   0.025152 75.216323
2913   0.025380 75.241703
2914   0.025128 75.266831
2915   0.025397 75.292228
2916   0.025251 75.317479
2917   0.025589 75.343068
2918   0.025438 75.368505
2919   0.025452 75.393958
2920   0.025704 75.419662
2921   0.026152 75.445814
2922   0.026010 75.471824
2923   0.026013 75.497836
2924   0.026025 75.523861
2925   0.026053 75.549914
2926   0.025898 75.575812
2927   0.025946 75.601758
2928   0.025693 75.627451
2929   0.025522 75.652973
2930   0.025690 75.678663
2931   0.025617 75.704280
2932   0.025547 75.729827
2933   0.025396 75.755223
2934   0.025620 75.780842
2935   0.025721 75.806563
2936   0.025722 75.832285
2937   0.026029 75.858314
2938   0.025264 75.883578
2939   0.025008 75.908586
2940   0.024912 75.933498
2941   0.025694 75.959192
2942   0.025648 75.984840
2943   0.025501 76.010342
2944   0.025076 76.035417
2945   0.025071 76.060488
2946   0.025769 76.086257
2947   0.025322 76.111579
2948   0.025309 76.136888
2949   0.025275 76.162162
2950   0.025347 76.187509
2951   0.029128 76.216637
2952   0.025552 76.242189
2953   0.025444 76.267633
2954   0.025363 76.292996
2955   0.025353 76.318349
2956   0.025388 76.343737
2957   0.025245 76.368982
2958   0.025209 76.394191
2959   0.025351 76.419542
2960   0.025174 76.444716
2961   0.026065 76.470780
2962   0.025803 76.496584
2963   0.025709 76.522292
2964   0.025971 76.548263
2965   0.025770 76.574033
2966   0.025976 76.600010
2967   0.026081 76.626091
2968   0.026075 76.652165
2969   0.025798 76.677964
2970   0.025490 76.703453
2971   0.025807 76.729260
2972   0.025581 76.754841
2973   0.025704 76.780545
2974   0.025537 76.806082
2975   0.025926 76.832007
2976   0.026389 76.858397
2977   0.025902 76.884298
2978   0.025256 76.909554
2979   0.025233 76.934787
2980   0.025099 76.959886
2981   0.026284 76.986170
2982   0.025903 77.012073
2983   0.025871 77.037944
2984   0.025955 77.063899
2985   0.025923 77.089821
2986   0.025788 77.115610
2987   0.025980 77.141590
2988   0.025721 77.167311
2989   0.025609 77.192921
2990   0.025756 77.218676
2991   0.025861 77.244537
2992   0.025618 77.270155
2993   0.025461 77.295616
2994   0.025367 77.320983
2995   0.025350 77.346333
2996   0.025131 77.371463
2997   0.025353 77.396816
2998   0.025707 77.422523
2999   0.025531 77.448054
3000   0.025377 77.473431
3001   0.026269 77.499700
3002   0.025533 77.525232
3003   0.025609 77.550841
3004   0.025933 77.576774
3005   0.025946 77.602720
3006   0.026014 77.628734
3007   0.025760 77.654494
3008   0.025626 77.680120
3009   0.025673 77.705793
3010   0.025861 77.731654
3011   0.025929 77.757584
3012   0.025934 77.783518
3013   0.025987 77.809505
3014   0.025886 77.835391
3015   0.026505 77.861896
3016   0.025874 77.887770
3017   0.025144 77.912914
3018   0.024812 77.937726
3019   0.025431 77.963158
3020   0.025421 77.988579
3021   0.026225 78.014803
3022   0.025391 78.040194
3023   0.025638 78.065833
3024   0.025533 78.091365
3025   0.025806 78.117171
3026   0.025981 78.143152
3027   0.025635 78.168787
3028   0.025774 78.194561
3029   0.025828 78.220388
3030   0.025646 78.246035
3031   0.025891 78.271926
3032   0.025586 78.297512
3033   0.025750 78.323261
3034   0.025677 78.348938
3035   0.025795 78.374733
3036   0.025787 78.400520
3037   0.025665 78.426185
3038   0.025654 78.451839
3039   0.025549 78.477388
3040   0.025651 78.503039
3041   0.026317 78.529356
3042   0.025877 78.555233
3043   0.025972 78.581205
3044   0.026196 78.607401
3045   0.025882 78.633283
3046   0.025887 78.659169
3047   0.026066 78.685235
3048   0.026037 78.711273
3049   0.025895 78.737168
3050   0.025834 78.763002
3051   0.026032 78.789034
3052   0.026127 78.815161
3053   0.025859 78.841020
3054   0.026059 78.867078
3055   0.026686 78.893764
3056   0.026288 78.920052
3057   0.026564 78.946616
3058   0.026370 78.972985
3059   0.026224 78.999210
3060   0.025879 79.025088
3061   0.026489 79.051578
3062   0.025453 79.077031
3063   0.025481 79.102512
3064   0.025719 79.128231
3065   0.025480 79.153711
3066   0.025520 79.179231
3067   0.025347 79.204578
3068   0.025503 79.230081
3069   0.025566 79.255647
3070   0.025414 79.281060
3071   0.025999 79.307060
3072   0.026242 79.333301
3073   0.026179 79.359480
3074   0.026169 79.385649
3075   0.026001 79.411650
3076   0.026189 79.437839
3077   0.026029 79.463868
3078   0.026041 79.489909
3079   0.025729 79.515638
3080   0.025751 79.541389
3081   0.026137 79.567527
3082   0.025682 79.593208
3083   0.025785 79.618993
3084   0.025590 79.644583
3085   0.025749 79.670332
3086   0.025712 79.696045
3087   0.025753 79.721798
3088   0.026104 79.747902
3089   0.025932 79.773834
3090   0.025930 79.799764
3091   0.025985 79.825749
3092   0.025843 79.851592
3093   0.026325 79.877917
3094   0.025600 79.903517
3095   0.025167 79.928683
3096   0.025089 79.953773
3097   0.025379 79.979152
3098   0.025477 80.004629
3099   0.025917 80.030546
3100   0.025536 80.056082
3101   0.026274 80.082356
3102   0.025740 80.108095
3103   0.025807 80.133902
3104   0.026432 80.160335
3105   0.025968 80.186303
3106   0.025695 80.211998
3107   0.025676 80.237673
3108   0.025507 80.263180
3109   0.025844 80.289024
3110   0.026443 80.315466
3111   0.026213 80.341680
3112   0.025630 80.367310
3113   0.025656 80.392966
3114   0.025718 80.418684
3115   0.025802 80.444486
3116   0.025786 80.470273
3117   0.025710 80.495982
3118   0.025475 80.521457
3119   0.025494 80.546951
3120   0.025732 80.572683
3121   0.027313 80.599997
3122   0.026520 80.626517
3123   0.025619 80.652135
3124   0.025854 80.677989
3125   0.025928 80.703917
3126   0.025886 80.729803
3127   0.025748 80.755551
3128   0.026029 80.781580
3129   0.025760 80.807340
3130   0.025622 80.832961
3131   0.025670 80.858632
3132   0.026692 80.885323
3133   0.025665 80.910989
3134   0.024924 80.935913
3135   0.025557 80.961469
3136   0.025975 80.987444
3137   0.025574 81.013019
3138   0.025490 81.038508
3139   0.025487 81.063995
3140   0.025649 81.089645
3141   0.026146 81.115791
3142   0.025454 81.141245
3143   0.025430 81.166675
3144   0.025830 81.192505
3145   0.025622 81.218127
3146   0.025681 81.243808
3147   0.025586 81.269394
3148   0.025772 81.295166
3149   0.025792 81.320958
3150   0.025718 81.346675
3151   0.025695 81.372370
3152   0.025412 81.397783
3153   0.025535 81.423317
3154   0.025486 81.448803
3155   0.025618 81.474421
3156   0.025702 81.500124
3157   0.025678 81.525802
3158   0.025509 81.551311
3159   0.025532 81.576843
3160   0.025806 81.602649
3161   0.026059 81.628709
3162   0.025666 81.654375
3163   0.025559 81.679934
3164   0.025896 81.705830
3165   0.025652 81.731483
3166   0.025780 81.757263
3167   0.025782 81.783045
3168   0.025831 81.808875
3169   0.025924 81.834800
3170   0.026027 81.860827
3171   0.026479 81.887306
3172   0.025704 81.913010
3173   0.025139 81.938148
3174   0.025082 81.963230
3175   0.025628 81.988858
3176   0.025720 82.014578
3177   0.025869 82.040447
3178   0.025639 82.066086
3179   0.025849 82.091935
3180   0.025790 82.117725
3181   0.026607 82.144333
3182   0.025908 82.170241
3183   0.025724 82.195965
3184   0.025642 82.221607
3185   0.025661 82.247268
3186   0.025749 82.273017
3187   0.025577 82.298594
3188   0.025698 82.324291
3189   0.025865 82.350156
3190   0.026591 82.376747
3191   0.030299 82.407046
3192   0.026077 82.433123
3193   0.026153 82.459276
3194   0.026183 82.485459
3195   0.026219 82.511679
3196   0.026032 82.537710
3197   0.026134 82.563844
3198   0.026256 82.590101
3199   0.026052 82.616152
3200   0.025865 82.642018
3201   0.026939 82.668956
3202   0.025924 82.694880
