# $1: num_calls
# $2: elapsed time from last call
# $3: elapsed time from start

1      0.039694 0.039694
2      0.028217 0.067911
3      0.027954 0.095865
4      0.026843 0.122708
5      0.033365 0.156073
6      0.027414 0.183488
7      0.029557 0.213044
8      0.031384 0.244428
9      0.029312 0.273740
10     0.028512 0.302252
11     0.033194 0.335446
12     0.028629 0.364076
13     0.029607 0.393683
14     0.029971 0.423654
15     0.033681 0.457335
16     0.027801 0.485136
17     0.029392 0.514528
18     0.028429 0.542957
19     0.029191 0.572147
20     0.027096 0.599243
21     0.029501 0.628745
22     0.024519 0.653264
23     0.029595 0.682859
24     0.028852 0.711711
25     0.030122 0.741833
26     0.028352 0.770185
27     0.028882 0.799067
28     0.028029 0.827096
29     0.028961 0.856057
30     0.024224 0.880281
31     0.024703 0.904984
32     0.025195 0.930178
33     0.025593 0.955771
34     0.024889 0.980660
35     0.025220 1.005880
36     0.024272 1.030151
37     0.025027 1.055178
38     0.023715 1.078893
39     0.025009 1.103902
40     0.025189 1.129091
41     0.026765 1.155856
42     0.023430 1.179286
43     0.025113 1.204399
44     0.023838 1.228237
45     0.030529 1.258766
46     0.024484 1.283250
47     0.025457 1.308707
48     0.026241 1.334947
49     0.024612 1.359559
50     0.024347 1.383906
51     0.024573 1.408479
52     0.024619 1.433098
53     0.024831 1.457930
54     0.024691 1.482621
55     0.024677 1.507298
56     0.024601 1.531898
57     0.024546 1.556444
58     0.024771 1.581215
59     0.024610 1.605825
60     0.024215 1.630040
61     0.025053 1.655093
62     0.024513 1.679606
63     0.024791 1.704397
64     0.025659 1.730056
65     0.025970 1.756027
66     0.024496 1.780522
67     0.024960 1.805482
68     0.024706 1.830188
69     0.024127 1.854315
70     0.027750 1.882065
71     0.025152 1.907217
72     0.024989 1.932206
73     0.025890 1.958096
74     0.025485 1.983581
75     0.025221 2.008802
76     0.025019 2.033821
77     0.025204 2.059025
78     0.024974 2.083999
79     0.024596 2.108595
80     0.024376 2.132972
81     0.025156 2.158127
82     0.024717 2.182844
83     0.024621 2.207465
84     0.026993 2.234458
85     0.025900 2.260358
86     0.026393 2.286751
87     0.025612 2.312363
88     0.024813 2.337176
89     0.024343 2.361519
90     0.024689 2.386208
91     0.024592 2.410800
92     0.024847 2.435647
93     0.024548 2.460196
94     0.024595 2.484790
95     0.024456 2.509246
96     0.024612 2.533858
97     0.024998 2.558856
98     0.024413 2.583269
99     0.024634 2.607903
100    0.025587 2.633490
101    0.026334 2.659824
102    0.024738 2.684562
103    0.024705 2.709267
104    0.024627 2.733894
105    0.025895 2.759789
106    0.024754 2.784543
107    0.024167 2.808710
108    0.024101 2.832811
109    0.024119 2.856931
110    0.025053 2.881983
111    0.025229 2.907212
112    0.029103 2.936315
113    0.028576 2.964891
114    0.027364 2.992255
115    0.026253 3.018508
116    0.025312 3.043820
117    0.024580 3.068400
118    0.025171 3.093571
119    0.027699 3.121270
120    0.025570 3.146839
121    0.024905 3.171745
122    0.025677 3.197422
123    0.025429 3.222851
124    0.024733 3.247584
125    0.024365 3.271949
126    0.024387 3.296336
127    0.024858 3.321193
128    0.024570 3.345764
129    0.024460 3.370224
130    0.024100 3.394324
131    0.024804 3.419128
132    0.024678 3.443806
133    0.024465 3.468271
134    0.024336 3.492607
135    0.024364 3.516971
136    0.027385 3.544356
137    0.024765 3.569121
138    0.025574 3.594695
139    0.025111 3.619806
140    0.025041 3.644847
141    0.025179 3.670026
142    0.024573 3.694599
143    0.024478 3.719077
144    0.024324 3.743401
145    0.024743 3.768144
146    0.025936 3.794081
147    0.024804 3.818884
148    0.024540 3.843424
149    0.024070 3.867495
150    0.024412 3.891907
151    0.024409 3.916316
152    0.024573 3.940889
153    0.024754 3.965643
154    0.024329 3.989972
155    0.024928 4.014900
156    0.024809 4.039708
157    0.026253 4.065961
158    0.024390 4.090351
159    0.025619 4.115970
160    0.025590 4.141560
161    0.025449 4.167009
162    0.024990 4.191999
163    0.024566 4.216565
164    0.024772 4.241337
165    0.024559 4.265895
166    0.024915 4.290810
167    0.024320 4.315131
168    0.024551 4.339681
169    0.025080 4.364762
170    0.024826 4.389588
171    0.024618 4.414206
172    0.024487 4.438693
173    0.024759 4.463452
174    0.026341 4.489793
175    0.025074 4.514867
176    0.024776 4.539644
177    0.025480 4.565124
178    0.025631 4.590755
179    0.024786 4.615541
180    0.024919 4.640460
181    0.025005 4.665465
182    0.024692 4.690158
183    0.024754 4.714912
184    0.025175 4.740087
185    0.024587 4.764673
186    0.027227 4.791900
187    0.025558 4.817458
188    0.025677 4.843135
189    0.025877 4.869012
190    0.025843 4.894855
191    0.024581 4.919436
192    0.024783 4.944218
193    0.024552 4.968770
194    0.024914 4.993684
195    0.024460 5.018145
196    0.024841 5.042986
197    0.024670 5.067656
198    0.024868 5.092524
199    0.025966 5.118489
200    0.024974 5.143463
201    0.026141 5.169605
202    0.026390 5.195995
203    0.025179 5.221174
204    0.024611 5.245785
205    0.024775 5.270561
206    0.024690 5.295251
207    0.024919 5.320170
208    0.026655 5.346825
209    0.025117 5.371942
210    0.025381 5.397323
211    0.024815 5.422139
212    0.024277 5.446416
213    0.024720 5.471136
214    0.024582 5.495719
215    0.024680 5.520399
216    0.024511 5.544910
217    0.024702 5.569612
218    0.024719 5.594331
219    0.024945 5.619275
220    0.025042 5.644318
221    0.026426 5.670744
222    0.030359 5.701103
223    0.025462 5.726565
224    0.025224 5.751789
225    0.025049 5.776838
226    0.025504 5.802342
227    0.025268 5.827610
228    0.024495 5.852105
229    0.024589 5.876693
230    0.026831 5.903524
231    0.025474 5.928999
232    0.024993 5.953992
233    0.024791 5.978783
234    0.024690 6.003474
235    0.025169 6.028643
236    0.024468 6.053110
237    0.024795 6.077905
238    0.025053 6.102958
239    0.024821 6.127779
240    0.025082 6.152861
241    0.025107 6.177967
242    0.024699 6.202666
243    0.027528 6.230194
244    0.025419 6.255614
245    0.025042 6.280656
246    0.024880 6.305536
247    0.024940 6.330476
248    0.024853 6.355329
249    0.024344 6.379673
250    0.024603 6.404275
251    0.024970 6.429246
252    0.024907 6.454153
253    0.024635 6.478788
254    0.025883 6.504671
255    0.025101 6.529772
256    0.025576 6.555349
257    0.025724 6.581073
258    0.024327 6.605400
259    0.024892 6.630292
260    0.024754 6.655045
261    0.025447 6.680493
262    0.024972 6.705464
263    0.024823 6.730287
264    0.025172 6.755459
265    0.024950 6.780409
266    0.026184 6.806593
267    0.024702 6.831294
268    0.024480 6.855774
269    0.024393 6.880167
270    0.026009 6.906176
271    0.024832 6.931008
272    0.024919 6.955927
273    0.025672 6.981599
274    0.025228 7.006827
275    0.024875 7.031702
276    0.024748 7.056450
277    0.024627 7.081078
278    0.024703 7.105780
279    0.024909 7.130689
280    0.025072 7.155761
281    0.024788 7.180549
282    0.024576 7.205124
283    0.026054 7.231179
284    0.025225 7.256403
285    0.025542 7.281945
286    0.025438 7.307383
287    0.025479 7.332862
288    0.024936 7.357798
289    0.025296 7.383094
290    0.024286 7.407380
291    0.024570 7.431950
292    0.024769 7.456719
293    0.024861 7.481580
294    0.026009 7.507588
295    0.024949 7.532537
296    0.024979 7.557516
297    0.025572 7.583089
298    0.025341 7.608430
299    0.024743 7.633173
300    0.024911 7.658084
301    0.025454 7.683538
302    0.025108 7.708646
303    0.024529 7.733175
304    0.025159 7.758334
305    0.025266 7.783600
306    0.027073 7.810673
307    0.025359 7.836032
308    0.025550 7.861582
309    0.025097 7.886679
310    0.024754 7.911432
311    0.024821 7.936253
312    0.024344 7.960597
313    0.024828 7.985426
314    0.024864 8.010289
