# $1: num_calls
# $2: elapsed time from last call
# $3: elapsed time from start

1      0.067177 0.067177
2      0.026500 0.093677
3      0.026927 0.120604
4      0.021744 0.142348
5      0.027982 0.170330
6      0.025239 0.195569
7      0.028745 0.224315
8      0.026960 0.251275
9      0.025350 0.276624
10     0.024530 0.301154
11     0.025271 0.326425
12     0.024074 0.350499
13     1.106081 1.456581
14     0.109169 1.565750
15     0.107195 1.672945
16     0.110160 1.783105
17     0.106789 1.889893
18     1.318761 3.208654
19     0.114785 3.323439
20     0.111552 3.434991
21     0.111342 3.546333
22     0.108212 3.654545
23     1.397821 5.052366
24     0.108514 5.160880
25     0.121804 5.282683
26     0.112373 5.395057
27     0.107483 5.502540
28     1.732499 7.235039
29     0.113390 7.348429
30     0.111698 7.460127
31     0.111990 7.572117
32     0.106891 7.679008
33     1.485848 9.164856
34     0.117268 9.282124
35     0.113787 9.395911
36     0.107108 9.503019
37     0.108992 9.612011
38     1.802973 11.414984
39     0.109871 11.524855
40     0.111727 11.636582
41     0.111603 11.748186
42     0.111318 11.859504
